Component: ARM Compiler 5.06 update 5 (build 528) Tool: armlink [4d35e2]

==============================================================================

Section Cross References

    stm32f4xx_adc.o(i.ADC_DeInit) refers to stm32f4xx_rcc.o(i.RCC_APB2PeriphResetCmd) for RCC_APB2PeriphResetCmd
    stm32f4xx_can.o(i.CAN_DeInit) refers to stm32f4xx_rcc.o(i.RCC_APB1PeriphResetCmd) for RCC_APB1PeriphResetCmd
    stm32f4xx_can.o(i.CAN_GetITStatus) refers to stm32f4xx_can.o(i.CheckITStatus) for CheckITStatus
    stm32f4xx_cryp.o(i.CRYP_DeInit) refers to stm32f4xx_rcc.o(i.RCC_AHB2PeriphResetCmd) for RCC_AHB2PeriphResetCmd
    stm32f4xx_cryp_aes.o(i.CRYP_AES_CBC) refers to stm32f4xx_cryp.o(i.CRYP_KeyStructInit) for CRYP_KeyStructInit
    stm32f4xx_cryp_aes.o(i.CRYP_AES_CBC) refers to stm32f4xx_cryp.o(i.CRYP_FIFOFlush) for CRYP_FIFOFlush
    stm32f4xx_cryp_aes.o(i.CRYP_AES_CBC) refers to stm32f4xx_cryp.o(i.CRYP_Init) for CRYP_Init
    stm32f4xx_cryp_aes.o(i.CRYP_AES_CBC) refers to stm32f4xx_cryp.o(i.CRYP_KeyInit) for CRYP_KeyInit
    stm32f4xx_cryp_aes.o(i.CRYP_AES_CBC) refers to stm32f4xx_cryp.o(i.CRYP_Cmd) for CRYP_Cmd
    stm32f4xx_cryp_aes.o(i.CRYP_AES_CBC) refers to stm32f4xx_cryp.o(i.CRYP_GetFlagStatus) for CRYP_GetFlagStatus
    stm32f4xx_cryp_aes.o(i.CRYP_AES_CBC) refers to stm32f4xx_cryp.o(i.CRYP_IVInit) for CRYP_IVInit
    stm32f4xx_cryp_aes.o(i.CRYP_AES_CBC) refers to stm32f4xx_cryp.o(i.CRYP_GetCmdStatus) for CRYP_GetCmdStatus
    stm32f4xx_cryp_aes.o(i.CRYP_AES_CBC) refers to stm32f4xx_cryp.o(i.CRYP_DataIn) for CRYP_DataIn
    stm32f4xx_cryp_aes.o(i.CRYP_AES_CBC) refers to stm32f4xx_cryp.o(i.CRYP_DataOut) for CRYP_DataOut
    stm32f4xx_cryp_aes.o(i.CRYP_AES_CCM) refers to stm32f4xx_cryp.o(i.CRYP_KeyStructInit) for CRYP_KeyStructInit
    stm32f4xx_cryp_aes.o(i.CRYP_AES_CCM) refers to stm32f4xx_cryp.o(i.CRYP_FIFOFlush) for CRYP_FIFOFlush
    stm32f4xx_cryp_aes.o(i.CRYP_AES_CCM) refers to stm32f4xx_cryp.o(i.CRYP_KeyInit) for CRYP_KeyInit
    stm32f4xx_cryp_aes.o(i.CRYP_AES_CCM) refers to stm32f4xx_cryp.o(i.CRYP_IVInit) for CRYP_IVInit
    stm32f4xx_cryp_aes.o(i.CRYP_AES_CCM) refers to stm32f4xx_cryp.o(i.CRYP_Init) for CRYP_Init
    stm32f4xx_cryp_aes.o(i.CRYP_AES_CCM) refers to stm32f4xx_cryp.o(i.CRYP_PhaseConfig) for CRYP_PhaseConfig
    stm32f4xx_cryp_aes.o(i.CRYP_AES_CCM) refers to stm32f4xx_cryp.o(i.CRYP_DataIn) for CRYP_DataIn
    stm32f4xx_cryp_aes.o(i.CRYP_AES_CCM) refers to stm32f4xx_cryp.o(i.CRYP_Cmd) for CRYP_Cmd
    stm32f4xx_cryp_aes.o(i.CRYP_AES_CCM) refers to stm32f4xx_cryp.o(i.CRYP_GetCmdStatus) for CRYP_GetCmdStatus
    stm32f4xx_cryp_aes.o(i.CRYP_AES_CCM) refers to stm32f4xx_cryp.o(i.CRYP_GetFlagStatus) for CRYP_GetFlagStatus
    stm32f4xx_cryp_aes.o(i.CRYP_AES_CCM) refers to stm32f4xx_cryp.o(i.CRYP_DataOut) for CRYP_DataOut
    stm32f4xx_cryp_aes.o(i.CRYP_AES_CTR) refers to stm32f4xx_cryp.o(i.CRYP_KeyStructInit) for CRYP_KeyStructInit
    stm32f4xx_cryp_aes.o(i.CRYP_AES_CTR) refers to stm32f4xx_cryp.o(i.CRYP_KeyInit) for CRYP_KeyInit
    stm32f4xx_cryp_aes.o(i.CRYP_AES_CTR) refers to stm32f4xx_cryp.o(i.CRYP_Init) for CRYP_Init
    stm32f4xx_cryp_aes.o(i.CRYP_AES_CTR) refers to stm32f4xx_cryp.o(i.CRYP_IVInit) for CRYP_IVInit
    stm32f4xx_cryp_aes.o(i.CRYP_AES_CTR) refers to stm32f4xx_cryp.o(i.CRYP_FIFOFlush) for CRYP_FIFOFlush
    stm32f4xx_cryp_aes.o(i.CRYP_AES_CTR) refers to stm32f4xx_cryp.o(i.CRYP_Cmd) for CRYP_Cmd
    stm32f4xx_cryp_aes.o(i.CRYP_AES_CTR) refers to stm32f4xx_cryp.o(i.CRYP_GetCmdStatus) for CRYP_GetCmdStatus
    stm32f4xx_cryp_aes.o(i.CRYP_AES_CTR) refers to stm32f4xx_cryp.o(i.CRYP_DataIn) for CRYP_DataIn
    stm32f4xx_cryp_aes.o(i.CRYP_AES_CTR) refers to stm32f4xx_cryp.o(i.CRYP_GetFlagStatus) for CRYP_GetFlagStatus
    stm32f4xx_cryp_aes.o(i.CRYP_AES_CTR) refers to stm32f4xx_cryp.o(i.CRYP_DataOut) for CRYP_DataOut
    stm32f4xx_cryp_aes.o(i.CRYP_AES_ECB) refers to stm32f4xx_cryp.o(i.CRYP_KeyStructInit) for CRYP_KeyStructInit
    stm32f4xx_cryp_aes.o(i.CRYP_AES_ECB) refers to stm32f4xx_cryp.o(i.CRYP_FIFOFlush) for CRYP_FIFOFlush
    stm32f4xx_cryp_aes.o(i.CRYP_AES_ECB) refers to stm32f4xx_cryp.o(i.CRYP_Init) for CRYP_Init
    stm32f4xx_cryp_aes.o(i.CRYP_AES_ECB) refers to stm32f4xx_cryp.o(i.CRYP_KeyInit) for CRYP_KeyInit
    stm32f4xx_cryp_aes.o(i.CRYP_AES_ECB) refers to stm32f4xx_cryp.o(i.CRYP_Cmd) for CRYP_Cmd
    stm32f4xx_cryp_aes.o(i.CRYP_AES_ECB) refers to stm32f4xx_cryp.o(i.CRYP_GetFlagStatus) for CRYP_GetFlagStatus
    stm32f4xx_cryp_aes.o(i.CRYP_AES_ECB) refers to stm32f4xx_cryp.o(i.CRYP_GetCmdStatus) for CRYP_GetCmdStatus
    stm32f4xx_cryp_aes.o(i.CRYP_AES_ECB) refers to stm32f4xx_cryp.o(i.CRYP_DataIn) for CRYP_DataIn
    stm32f4xx_cryp_aes.o(i.CRYP_AES_ECB) refers to stm32f4xx_cryp.o(i.CRYP_DataOut) for CRYP_DataOut
    stm32f4xx_cryp_aes.o(i.CRYP_AES_GCM) refers to stm32f4xx_cryp.o(i.CRYP_KeyStructInit) for CRYP_KeyStructInit
    stm32f4xx_cryp_aes.o(i.CRYP_AES_GCM) refers to stm32f4xx_cryp.o(i.CRYP_FIFOFlush) for CRYP_FIFOFlush
[...]
    ../clib/microlib/string/memcmp.c         0x00000000   Number         0  memcmp.o ABSOLUTE
    ../clib/microlib/string/memset.c         0x00000000   Number         0  memseta.o ABSOLUTE
    ../clib/microlib/stubs.s                 0x00000000   Number         0  iusefp.o ABSOLUTE
    ../fplib/microlib/d2f.c                  0x00000000   Number         0  d2f.o ABSOLUTE
    ../fplib/microlib/f2d.c                  0x00000000   Number         0  f2d.o ABSOLUTE
    ../fplib/microlib/fpadd.c                0x00000000   Number         0  dadd.o ABSOLUTE
    ../fplib/microlib/fpdiv.c                0x00000000   Number         0  ddiv.o ABSOLUTE
    ../fplib/microlib/fpepilogue.c           0x00000000   Number         0  depilogue.o ABSOLUTE
    ../fplib/microlib/fpepilogue.c           0x00000000   Number         0  fepilogue.o ABSOLUTE
    ../fplib/microlib/fpmul.c                0x00000000   Number         0  dmul.o ABSOLUTE
    ../fplib/microlib/fpneg.c                0x00000000   Number         0  dneg.o ABSOLUTE
    ../fplib/microlib/fpsqrt.c               0x00000000   Number         0  dsqrt.o ABSOLUTE
    ../mathlib/asin.c                        0x00000000   Number         0  asin_x.o ABSOLUTE
    ../mathlib/asin.c                        0x00000000   Number         0  asin.o ABSOLUTE
    ../mathlib/atan.c                        0x00000000   Number         0  atan.o ABSOLUTE
    ../mathlib/atan.c                        0x00000000   Number         0  atan_x.o ABSOLUTE
    ../mathlib/atan2.c                       0x00000000   Number         0  atan2.o ABSOLUTE
    ../mathlib/atan2.c                       0x00000000   Number         0  atan2_x.o ABSOLUTE
    ../mathlib/dunder.c                      0x00000000   Number         0  dunder.o ABSOLUTE
    ../mathlib/fabs.c                        0x00000000   Number         0  fabs.o ABSOLUTE
    ../mathlib/fpclassify.c                  0x00000000   Number         0  fpclassify.o ABSOLUTE
    ../mathlib/poly.c                        0x00000000   Number         0  poly.o ABSOLUTE
    ../mathlib/qnan.c                        0x00000000   Number         0  qnan.o ABSOLUTE
    ../mathlib/sqrt.c                        0x00000000   Number         0  sqrt_x.o ABSOLUTE
    ../mathlib/sqrt.c                        0x00000000   Number         0  sqrt.o ABSOLUTE
    cdcmple.s                                0x00000000   Number         0  cdcmple.o ABSOLUTE
    dc.s                                     0x00000000   Number         0  dc.o ABSOLUTE
    eMPL\\inv_mpu.c                          0x00000000   Number         0  inv_mpu.o ABSOLUTE
    eMPL\inv_mpu.c                           0x00000000   Number         0  inv_mpu.o ABSOLUTE
    eMPL\inv_mpu_dmp_motion_driver.c         0x00000000   Number         0  inv_mpu_dmp_motion_driver.o ABSOLUTE
    handlers.s                               0x00000000   Number         0  handlers.o ABSOLUTE
    init.s                                   0x00000000   Number         0  init.o ABSOLUTE
    library\\misc.c                          0x00000000   Number         0  misc.o ABSOLUTE
    library\\stm32f4xx_adc.c                 0x00000000   Number         0  stm32f4xx_adc.o ABSOLUTE
    library\\stm32f4xx_can.c                 0x00000000   Number         0  stm32f4xx_can.o ABSOLUTE
    library\\stm32f4xx_cec.c                 0x00000000   Number         0  stm32f4xx_cec.o ABSOLUTE
    library\\stm32f4xx_crc.c                 0x00000000   Number         0  stm32f4xx_crc.o ABSOLUTE
    library\\stm32f4xx_cryp.c                0x00000000   Number         0  stm32f4xx_cryp.o ABSOLUTE
    library\\stm32f4xx_cryp_aes.c            0x00000000   Number         0  stm32f4xx_cryp_aes.o ABSOLUTE
    library\\stm32f4xx_cryp_des.c            0x00000000   Number         0  stm32f4xx_cryp_des.o ABSOLUTE
    library\\stm32f4xx_cryp_tdes.c           0x00000000   Number         0  stm32f4xx_cryp_tdes.o ABSOLUTE
    library\\stm32f4xx_dac.c                 0x00000000   Number         0  stm32f4xx_dac.o ABSOLUTE
    library\\stm32f4xx_dbgmcu.c              0x00000000   Number         0  stm32f4xx_dbgmcu.o ABSOLUTE
    library\\stm32f4xx_dcmi.c                0x00000000   Number         0  stm32f4xx_dcmi.o ABSOLUTE
    library\\stm32f4xx_dfsdm.c               0x00000000   Number         0  stm32f4xx_dfsdm.o ABSOLUTE
    library\\stm32f4xx_dma.c                 0x00000000   Number         0  stm32f4xx_dma.o ABSOLUTE
    library\\stm32f4xx_dma2d.c               0x00000000   Number         0  stm32f4xx_dma2d.o ABSOLUTE
    library\\stm32f4xx_dsi.c                 0x00000000   Number         0  stm32f4xx_dsi.o ABSOLUTE
    library\\stm32f4xx_exti.c                0x00000000   Number         0  stm32f4xx_exti.o ABSOLUTE
    library\\stm32f4xx_flash.c               0x00000000   Number         0  stm32f4xx_flash.o ABSOLUTE
    library\\stm32f4xx_flash_ramfunc.c       0x00000000   Number         0  stm32f4xx_flash_ramfunc.o ABSOLUTE
    library\\stm32f4xx_fmpi2c.c              0x00000000   Number         0  stm32f4xx_fmpi2c.o ABSOLUTE
    library\\stm32f4xx_gpio.c                0x00000000   Number         0  stm32f4xx_gpio.o ABSOLUTE
    library\\stm32f4xx_hash.c                0x00000000   Number         0  stm32f4xx_hash.o ABSOLUTE
    library\\stm32f4xx_hash_md5.c            0x00000000   Number         0  stm32f4xx_hash_md5.o ABSOLUTE
    library\\stm32f4xx_hash_sha1.c           0x00000000   Number         0  stm32f4xx_hash_sha1.o ABSOLUTE
    library\\stm32f4xx_i2c.c                 0x00000000   Number         0  stm32f4xx_i2c.o ABSOLUTE
    library\\stm32f4xx_iwdg.c                0x00000000   Number         0  stm32f4xx_iwdg.o ABSOLUTE
    library\\stm32f4xx_lptim.c               0x00000000   Number         0  stm32f4xx_lptim.o ABSOLUTE
    library\\stm32f4xx_ltdc.c                0x00000000   Number         0  stm32f4xx_ltdc.o ABSOLUTE
    library\\stm32f4xx_pwr.c                 0x00000000   Number         0  stm32f4xx_pwr.o ABSOLUTE
    library\\stm32f4xx_qspi.c                0x00000000   Number         0  stm32f4xx_qspi.o ABSOLUTE
    library\\stm32f4xx_rcc.c                 0x00000000   Number         0  stm32f4xx_rcc.o ABSOLUTE
    library\\stm32f4xx_rng.c                 0x00000000   Number         0  stm32f4xx_rng.o ABSOLUTE
    library\\stm32f4xx_rtc.c                 0x00000000   Number         0  stm32f4xx_rtc.o ABSOLUTE
    library\\stm32f4xx_sai.c                 0x00000000   Number         0  stm32f4xx_sai.o ABSOLUTE
    library\\stm32f4xx_sdio.c                0x00000000   Number         0  stm32f4xx_sdio.o ABSOLUTE
    library\\stm32f4xx_spdifrx.c             0x00000000   Number         0  stm32f4xx_spdifrx.o ABSOLUTE
    library\\stm32f4xx_spi.c                 0x00000000   Number         0  stm32f4xx_spi.o ABSOLUTE
    library\\stm32f4xx_syscfg.c              0x00000000   Number         0  stm32f4xx_syscfg.o ABSOLUTE
    library\\stm32f4xx_tim.c                 0x00000000   Number         0  stm32f4xx_tim.o ABSOLUTE
    library\\stm32f4xx_usart.c               0x00000000   Number         0  stm32f4xx_usart.o ABSOLUTE
    library\\stm32f4xx_wwdg.c                0x00000000   Number         0  stm32f4xx_wwdg.o ABSOLUTE
    library\misc.c                           0x00000000   Number         0  misc.o ABSOLUTE
    library\stm32f4xx_adc.c                  0x00000000   Number         0  stm32f4xx_adc.o ABSOLUTE
    library\stm32f4xx_can.c                  0x00000000   Number         0  stm32f4xx_can.o ABSOLUTE
    library\stm32f4xx_cec.c                  0x00000000   Number         0  stm32f4xx_cec.o ABSOLUTE
    library\stm32f4xx_crc.c                  0x00000000   Number         0  stm32f4xx_crc.o ABSOLUTE
    library\stm32f4xx_cryp.c                 0x00000000   Number         0  stm32f4xx_cryp.o ABSOLUTE
    library\stm32f4xx_cryp_aes.c             0x00000000   Number         0  stm32f4xx_cryp_aes.o ABSOLUTE
    library\stm32f4xx_cryp_des.c             0x00000000   Number         0  stm32f4xx_cryp_des.o ABSOLUTE
    library\stm32f4xx_cryp_tdes.c            0x00000000   Number         0  stm32f4xx_cryp_tdes.o ABSOLUTE
    library\stm32f4xx_dac.c                  0x00000000   Number         0  stm32f4xx_dac.o ABSOLUTE
    library\stm32f4xx_dbgmcu.c               0x00000000   Number         0  stm32f4xx_dbgmcu.o ABSOLUTE
    library\stm32f4xx_dcmi.c                 0x00000000   Number         0  stm32f4xx_dcmi.o ABSOLUTE
    library\stm32f4xx_dfsdm.c                0x00000000   Number         0  stm32f4xx_dfsdm.o ABSOLUTE
    library\stm32f4xx_dma.c                  0x00000000   Number         0  stm32f4xx_dma.o ABSOLUTE
    library\stm32f4xx_dma2d.c                0x00000000   Number         0  stm32f4xx_dma2d.o ABSOLUTE
    library\stm32f4xx_dsi.c                  0x00000000   Number         0  stm32f4xx_dsi.o ABSOLUTE
    library\stm32f4xx_exti.c                 0x00000000   Number         0  stm32f4xx_exti.o ABSOLUTE
    library\stm32f4xx_flash.c                0x00000000   Number         0  stm32f4xx_flash.o ABSOLUTE
    library\stm32f4xx_flash_ramfunc.c        0x00000000   Number         0  stm32f4xx_flash_ramfunc.o ABSOLUTE
    library\stm32f4xx_fmpi2c.c               0x00000000   Number         0  stm32f4xx_fmpi2c.o ABSOLUTE
    library\stm32f4xx_gpio.c                 0x00000000   Number         0  stm32f4xx_gpio.o ABSOLUTE
    library\stm32f4xx_hash.c                 0x00000000   Number         0  stm32f4xx_hash.o ABSOLUTE
    library\stm32f4xx_hash_md5.c             0x00000000   Number         0  stm32f4xx_hash_md5.o ABSOLUTE
    library\stm32f4xx_hash_sha1.c            0x00000000   Number         0  stm32f4xx_hash_sha1.o ABSOLUTE
    library\stm32f4xx_i2c.c                  0x00000000   Number         0  stm32f4xx_i2c.o ABSOLUTE
    library\stm32f4xx_iwdg.c                 0x00000000   Number         0  stm32f4xx_iwdg.o ABSOLUTE
    library\stm32f4xx_lptim.c                0x00000000   Number         0  stm32f4xx_lptim.o ABSOLUTE
    library\stm32f4xx_ltdc.c                 0x00000000   Number         0  stm32f4xx_ltdc.o ABSOLUTE
    library\stm32f4xx_pwr.c                  0x00000000   Number         0  stm32f4xx_pwr.o ABSOLUTE
    library\stm32f4xx_qspi.c                 0x00000000   Number         0  stm32f4xx_qspi.o ABSOLUTE
    library\stm32f4xx_rcc.c                  0x00000000   Number         0  stm32f4xx_rcc.o ABSOLUTE
    library\stm32f4xx_rng.c                  0x00000000   Number         0  stm32f4xx_rng.o ABSOLUTE
    library\stm32f4xx_rtc.c                  0x00000000   Number         0  stm32f4xx_rtc.o ABSOLUTE
    library\stm32f4xx_sai.c                  0x00000000   Number         0  stm32f4xx_sai.o ABSOLUTE
    library\stm32f4xx_sdio.c                 0x00000000   Number         0  stm32f4xx_sdio.o ABSOLUTE
    library\stm32f4xx_spdifrx.c              0x00000000   Number         0  stm32f4xx_spdifrx.o ABSOLUTE
    library\stm32f4xx_spi.c                  0x00000000   Number         0  stm32f4xx_spi.o ABSOLUTE
    library\stm32f4xx_syscfg.c               0x00000000   Number         0  stm32f4xx_syscfg.o ABSOLUTE
    library\stm32f4xx_tim.c                  0x00000000   Number         0  stm32f4xx_tim.o ABSOLUTE
    library\stm32f4xx_usart.c                0x00000000   Number         0  stm32f4xx_usart.o ABSOLUTE
    library\stm32f4xx_wwdg.c                 0x00000000   Number         0  stm32f4xx_wwdg.o ABSOLUTE
    start\\system_stm32f4xx.c                0x00000000   Number         0  system_stm32f4xx.o ABSOLUTE
    start\startup_stm32f411xe.s              0x00000000   Number         0  startup_stm32f411xe.o ABSOLUTE
    start\system_stm32f4xx.c                 0x00000000   Number         0  system_stm32f4xx.o ABSOLUTE
    system\ADC.c                             0x00000000   Number         0  adc.o ABSOLUTE
    system\Delay.c                           0x00000000   Number         0  delay.o ABSOLUTE
    system\IMU.c                             0x00000000   Number         0  imu.o ABSOLUTE
    system\MPU6050.c                         0x00000000   Number         0  mpu6050.o ABSOLUTE
    system\MY_USART1.c                       0x00000000   Number         0  my_usart1.o ABSOLUTE
    system\Motor.c                           0x00000000   Number         0  motor.o ABSOLUTE
    system\MyI2C.c                           0x00000000   Number         0  myi2c.o ABSOLUTE
    system\My_IIC.c                          0x00000000   Number         0  my_iic.o ABSOLUTE
    system\My_spi.c                          0x00000000   Number         0  my_spi.o ABSOLUTE
    system\NRF24L01.c                        0x00000000   Number         0  nrf24l01.o ABSOLUTE
    system\OLED.c                            0x00000000   Number         0  oled.o ABSOLUTE
    system\PID.c                             0x00000000   Number         0  pid.o ABSOLUTE
    system\\ADC.c                            0x00000000   Number         0  adc.o ABSOLUTE
    system\\Delay.c                          0x00000000   Number         0  delay.o ABSOLUTE
    system\\IMU.c                            0x00000000   Number         0  imu.o ABSOLUTE
    system\\MPU6050.c                        0x00000000   Number         0  mpu6050.o ABSOLUTE
    system\\MY_USART1.c                      0x00000000   Number         0  my_usart1.o ABSOLUTE
    system\\Motor.c                          0x00000000   Number         0  motor.o ABSOLUTE
    system\\MyI2C.c                          0x00000000   Number         0  myi2c.o ABSOLUTE
    system\\My_IIC.c                         0x00000000   Number         0  my_iic.o ABSOLUTE
    system\\My_spi.c                         0x00000000   Number         0  my_spi.o ABSOLUTE
    system\\NRF24L01.c                       0x00000000   Number         0  nrf24l01.o ABSOLUTE
    system\\OLED.c                           0x00000000   Number         0  oled.o ABSOLUTE
    system\\PID.c                            0x00000000   Number         0  pid.o ABSOLUTE
    user\\main.c                             0x00000000   Number         0  main.o ABSOLUTE
    user\\stm32f4xx_it.c                     0x00000000   Number         0  stm32f4xx_it.o ABSOLUTE
    user\main.c                              0x00000000   Number         0  main.o ABSOLUTE
    user\stm32f4xx_it.c                      0x00000000   Number         0  stm32f4xx_it.o ABSOLUTE
    RESET                                    0x08000000   Section      408  startup_stm32f411xe.o(RESET)
    .ARM.Collect$$$$00000000                 0x08000198   Section        0  entry.o(.ARM.Collect$$$$00000000)
    .ARM.Collect$$$$00000001                 0x08000198   Section        4  entry2.o(.ARM.Collect$$$$00000001)
    .ARM.Collect$$$$00000004                 0x0800019c   Section        4  entry5.o(.ARM.Collect$$$$00000004)
    .ARM.Collect$$$$00000008                 0x080001a0   Section        0  entry7b.o(.ARM.Collect$$$$00000008)
    .ARM.Collect$$$$0000000A                 0x080001a0   Section        0  entry8b.o(.ARM.Collect$$$$0000000A)
    .ARM.Collect$$$$0000000B                 0x080001a0   Section        8  entry9a.o(.ARM.Collect$$$$0000000B)
    .ARM.Collect$$$$0000000D                 0x080001a8   Section        0  entry10a.o(.ARM.Collect$$$$0000000D)
    .ARM.Collect$$$$0000000F                 0x080001a8   Section        0  entry11a.o(.ARM.Collect$$$$0000000F)
    .ARM.Collect$$$$00002712                 0x080001a8   Section        4  entry2.o(.ARM.Collect$$$$00002712)
    __lit__00000000                          0x080001a8   Data           4  entry2.o(.ARM.Collect$$$$00002712)
    .text                                    0x080001ac   Section       36  startup_stm32f411xe.o(.text)
    $v0                                      0x080001ac   Number         0  startup_stm32f411xe.o(.text)
    .text                                    0x080001d0   Section        0  dmul.o(.text)
    .text                                    0x080002b4   Section        0  f2d.o(.text)
    .text                                    0x080002da   Section        0  d2f.o(.text)
    .text                                    0x08000312   Section        0  fepilogue.o(.text)
    .text                                    0x08000312   Section        0  iusefp.o(.text)
    .text                                    0x08000380   Section        0  depilogue.o(.text)
    .text                                    0x0800043a   Section        0  dadd.o(.text)
    .text                                    0x08000588   Section        0  ddiv.o(.text)
    .text                                    0x08000668   Section       36  init.o(.text)
    .text                                    0x0800068c   Section        0  llshl.o(.text)
    .text                                    0x080006aa   Section        0  llushr.o(.text)
    .text                                    0x080006ca   Section        0  llsshr.o(.text)
    .text                                    0x080006ee   Section        0  dsqrt.o(.text)
    i.ADC1_CH0_Init                          0x08000790   Section        0  adc.o(i.ADC1_CH0_Init)
    i.ADC1_Read                              0x0800081c   Section        0  adc.o(i.ADC1_Read)
    i.ADC_Cmd                                0x08000840   Section        0  stm32f4xx_adc.o(i.ADC_Cmd)
    i.ADC_CommonInit                         0x08000858   Section        0  stm32f4xx_adc.o(i.ADC_CommonInit)
    i.ADC_GetConversionValue                 0x08000888   Section        0  stm32f4xx_adc.o(i.ADC_GetConversionValue)
    i.ADC_GetFlagStatus                      0x08000890   Section        0  stm32f4xx_adc.o(i.ADC_GetFlagStatus)
    i.ADC_Init                               0x080008a4   Section        0  stm32f4xx_adc.o(i.ADC_Init)
    i.ADC_RegularChannelConfig               0x080008f8   Section        0  stm32f4xx_adc.o(i.ADC_RegularChannelConfig)
    i.ADC_SoftwareStartConv                  0x080009b0   Section        0  stm32f4xx_adc.o(i.ADC_SoftwareStartConv)
    i.Battery_GetPercent                     0x080009bc   Section        0  adc.o(i.Battery_GetPercent)
    i.Battery_GetVoltage                     0x08000a14   Section        0  adc.o(i.Battery_GetVoltage)
    i.BusFault_Handler                       0x08000a58   Section        0  stm32f4xx_it.o(i.BusFault_Handler)
    i.DebugMon_Handler                       0x08000a5c   Section        0  stm32f4xx_it.o(i.DebugMon_Handler)
    i.Delay_ms                               0x08000a5e   Section        0  delay.o(i.Delay_ms)
    i.Delay_us                               0x08000a76   Section        0  delay.o(i.Delay_us)
    i.GPIO_Init                              0x08000aa4   Section        0  stm32f4xx_gpio.o(i.GPIO_Init)
    i.GPIO_PinAFConfig                       0x08000b34   Section        0  stm32f4xx_gpio.o(i.GPIO_PinAFConfig)
    i.GPIO_ReadInputDataBit                  0x08000b7a   Section        0  stm32f4xx_gpio.o(i.GPIO_ReadInputDataBit)
    i.GPIO_SetBits                           0x08000b8c   Section        0  stm32f4xx_gpio.o(i.GPIO_SetBits)
    i.GPIO_WriteBit                          0x08000b90   Section        0  stm32f4xx_gpio.o(i.GPIO_WriteBit)
    i.HardFault_Handler                      0x08000b9c   Section        0  stm32f4xx_it.o(i.HardFault_Handler)
    i.IIC_R_SDA                              0x08000ba0   Section        0  my_iic.o(i.IIC_R_SDA)
    i.IIC_W_SCL                              0x08000bc0   Section        0  my_iic.o(i.IIC_W_SCL)
    i.IIC_W_SDA                              0x08000bdc   Section        0  my_iic.o(i.IIC_W_SDA)
    i.IMU                                    0x08000bf8   Section        0  imu.o(i.IMU)
    i.IWDG_Enable                            0x080012f0   Section        0  stm32f4xx_iwdg.o(i.IWDG_Enable)
    i.IWDG_ReloadCounter                     0x08001300   Section        0  stm32f4xx_iwdg.o(i.IWDG_ReloadCounter)
    i.IWDG_SetPrescaler                      0x08001310   Section        0  stm32f4xx_iwdg.o(i.IWDG_SetPrescaler)
    i.IWDG_SetReload                         0x0800131c   Section        0  stm32f4xx_iwdg.o(i.IWDG_SetReload)
    i.IWDG_WriteAccessCmd                    0x08001328   Section        0  stm32f4xx_iwdg.o(i.IWDG_WriteAccessCmd)
    i.LPF                                    0x08001334   Section        0  imu.o(i.LPF)
    i.MPU6050_Calibrate_Offset               0x0800134c   Section        0  mpu6050.o(i.MPU6050_Calibrate_Offset)
    i.MPU6050_GetData                        0x08001430   Section        0  mpu6050.o(i.MPU6050_GetData)
    i.MPU6050_Init                           0x080014dc   Section        0  mpu6050.o(i.MPU6050_Init)
    i.MPU6050_R                              0x08001514   Section        0  mpu6050.o(i.MPU6050_R)
    i.MPU6050_W                              0x08001552   Section        0  mpu6050.o(i.MPU6050_W)
    i.MemManage_Handler                      0x08001580   Section        0  stm32f4xx_it.o(i.MemManage_Handler)
    i.My_IIC_Init                            0x08001584   Section        0  my_iic.o(i.My_IIC_Init)
    i.My_IIC_ReceiveACK                      0x080015e8   Section        0  my_iic.o(i.My_IIC_ReceiveACK)
    i.My_IIC_ReceiveByte                     0x08001610   Section        0  my_iic.o(i.My_IIC_ReceiveByte)
    i.My_IIC_SendACK                         0x08001650   Section        0  my_iic.o(i.My_IIC_SendACK)
    i.My_IIC_SendByte                        0x08001684   Section        0  my_iic.o(i.My_IIC_SendByte)
    i.My_IIC_Start                           0x080016c8   Section        0  my_iic.o(i.My_IIC_Start)
    i.My_IIC_Stop                            0x08001704   Section        0  my_iic.o(i.My_IIC_Stop)
    i.My_spi_ReadWrite                       0x08001740   Section        0  my_spi.o(i.My_spi_ReadWrite)
    i.My_spi_init                            0x08001778   Section        0  my_spi.o(i.My_spi_init)
    i.NMI_Handler                            0x08001854   Section        0  stm32f4xx_it.o(i.NMI_Handler)
    i.NRF24L01_ADC_ReceiveByte               0x08001858   Section        0  main.o(i.NRF24L01_ADC_ReceiveByte)
    i.NRF24L01_ADC_SendByte                  0x08001928   Section        0  main.o(i.NRF24L01_ADC_SendByte)
    i.NRF24L01_ClearRxFIFO                   0x08001a34   Section        0  nrf24l01.o(i.NRF24L01_ClearRxFIFO)
    i.NRF24L01_ClearTxFIFO                   0x08001a4a   Section        0  nrf24l01.o(i.NRF24L01_ClearTxFIFO)
    i.NRF24L01_GPIO_Init                     0x08001a60   Section        0  nrf24l01.o(i.NRF24L01_GPIO_Init)
    i.NRF24L01_Init_                         0x08001a9c   Section        0  nrf24l01.o(i.NRF24L01_Init_)
    i.NRF24L01_ReadReg                       0x08001b00   Section        0  nrf24l01.o(i.NRF24L01_ReadReg)
    i.NRF24L01_ReadRxFIFO                    0x08001b22   Section        0  nrf24l01.o(i.NRF24L01_ReadRxFIFO)
    i.NRF24L01_ReadStatus                    0x08001b50   Section        0  nrf24l01.o(i.NRF24L01_ReadStatus)
    i.NRF24L01_Receive                       0x08001b6c   Section        0  nrf24l01.o(i.NRF24L01_Receive)
    i.NRF24L01_RxMode                        0x08001be0   Section        0  nrf24l01.o(i.NRF24L01_RxMode)
    i.NRF24L01_Send                          0x08001c0c   Section        0  nrf24l01.o(i.NRF24L01_Send)
    i.NRF24L01_TxMode                        0x08001c78   Section        0  nrf24l01.o(i.NRF24L01_TxMode)
    i.NRF24L01_W_CE                          0x08001ca8   Section        0  nrf24l01.o(i.NRF24L01_W_CE)
    i.NRF24L01_WriteRge                      0x08001cc0   Section        0  nrf24l01.o(i.NRF24L01_WriteRge)
    i.NRF24L01_WriteRgeS                     0x08001ce2   Section        0  nrf24l01.o(i.NRF24L01_WriteRgeS)
    i.NRF24L01_WriteTxFIFO                   0x08001d16   Section        0  nrf24l01.o(i.NRF24L01_WriteTxFIFO)
    i.NVIC_Init                              0x08001d44   Section        0  misc.o(i.NVIC_Init)
    i.OLED_Clear                             0x08001dbc   Section        0  oled.o(i.OLED_Clear)
    i.OLED_I2C_Init                          0x08001de6   Section        0  oled.o(i.OLED_I2C_Init)
    i.OLED_I2C_SendByte                      0x08001df0   Section        0  oled.o(i.OLED_I2C_SendByte)
    i.OLED_I2C_Start                         0x08001e14   Section        0  oled.o(i.OLED_I2C_Start)
    i.OLED_I2C_Stop                          0x08001e1c   Section        0  oled.o(i.OLED_I2C_Stop)
    i.OLED_Init                              0x08001e24   Section        0  oled.o(i.OLED_Init)
    i.OLED_SetCursor                         0x08001ed2   Section        0  oled.o(i.OLED_SetCursor)
    i.OLED_WriteCommand                      0x08001ef4   Section        0  oled.o(i.OLED_WriteCommand)
    i.OLED_WriteData                         0x08001f14   Section        0  oled.o(i.OLED_WriteData)
    i.PID_Postion_Cal                        0x08001f34   Section        0  pid.o(i.PID_Postion_Cal)
    i.PID_structuer_Init                     0x08002054   Section        0  pid.o(i.PID_structuer_Init)
    i.PendSV_Handler                         0x0800229c   Section        0  stm32f4xx_it.o(i.PendSV_Handler)
    i.RCC_AHB1PeriphClockCmd                 0x080022a0   Section        0  stm32f4xx_rcc.o(i.RCC_AHB1PeriphClockCmd)
    i.RCC_APB1PeriphClockCmd                 0x080022c0   Section        0  stm32f4xx_rcc.o(i.RCC_APB1PeriphClockCmd)
    i.RCC_APB1PeriphResetCmd                 0x080022e0   Section        0  stm32f4xx_rcc.o(i.RCC_APB1PeriphResetCmd)
    i.RCC_APB2PeriphClockCmd                 0x08002300   Section        0  stm32f4xx_rcc.o(i.RCC_APB2PeriphClockCmd)
    i.RCC_APB2PeriphResetCmd                 0x08002320   Section        0  stm32f4xx_rcc.o(i.RCC_APB2PeriphResetCmd)
    i.RCC_GetClocksFreq                      0x08002340   Section        0  stm32f4xx_rcc.o(i.RCC_GetClocksFreq)
    i.SPI_Cmd                                0x08002428   Section        0  stm32f4xx_spi.o(i.SPI_Cmd)
    i.SPI_I2S_DeInit                         0x08002440   Section        0  stm32f4xx_spi.o(i.SPI_I2S_DeInit)
    i.SPI_I2S_GetFlagStatus                  0x080024f0   Section        0  stm32f4xx_spi.o(i.SPI_I2S_GetFlagStatus)
    i.SPI_I2S_ReceiveData                    0x08002502   Section        0  stm32f4xx_spi.o(i.SPI_I2S_ReceiveData)
    i.SPI_I2S_SendData                       0x08002508   Section        0  stm32f4xx_spi.o(i.SPI_I2S_SendData)
    i.SPI_Init                               0x0800250c   Section        0  stm32f4xx_spi.o(i.SPI_Init)
    i.START_init                             0x08002548   Section        0  main.o(i.START_init)
    i.SVC_Handler                            0x0800267c   Section        0  stm32f4xx_it.o(i.SVC_Handler)
    i.SetSysClock                            0x08002680   Section        0  system_stm32f4xx.o(i.SetSysClock)
    SetSysClock                              0x08002681   Thumb Code   138  system_stm32f4xx.o(i.SetSysClock)
    i.SysTick_Handler                        0x0800271c   Section        0  stm32f4xx_it.o(i.SysTick_Handler)
    i.SystemInit                             0x08002720   Section        0  system_stm32f4xx.o(i.SystemInit)
    i.TIM3_PWM_Init                          0x08002788   Section        0  motor.o(i.TIM3_PWM_Init)
    i.TIM4_IRQHandler                        0x08002888   Section        0  motor.o(i.TIM4_IRQHandler)
    i.TIM4_Int_Init                          0x080028ac   Section        0  motor.o(i.TIM4_Int_Init)
    i.TIM_ARRPreloadConfig                   0x08002908   Section        0  stm32f4xx_tim.o(i.TIM_ARRPreloadConfig)
    i.TIM_CCR                                0x08002920   Section        0  motor.o(i.TIM_CCR)
    i.TIM_ClearITPendingBit                  0x08002954   Section        0  stm32f4xx_tim.o(i.TIM_ClearITPendingBit)
    i.TIM_Cmd                                0x0800295a   Section        0  stm32f4xx_tim.o(i.TIM_Cmd)
    i.TIM_GetITStatus                        0x08002972   Section        0  stm32f4xx_tim.o(i.TIM_GetITStatus)
    i.TIM_ITConfig                           0x08002994   Section        0  stm32f4xx_tim.o(i.TIM_ITConfig)
    i.TIM_OC1Init                            0x080029a8   Section        0  stm32f4xx_tim.o(i.TIM_OC1Init)
    i.TIM_OC1PreloadConfig                   0x08002a24   Section        0  stm32f4xx_tim.o(i.TIM_OC1PreloadConfig)
    i.TIM_OC2Init                            0x08002a38   Section        0  stm32f4xx_tim.o(i.TIM_OC2Init)
    i.TIM_OC2PreloadConfig                   0x08002adc   Section        0  stm32f4xx_tim.o(i.TIM_OC2PreloadConfig)
    i.TIM_OC3Init                            0x08002af8   Section        0  stm32f4xx_tim.o(i.TIM_OC3Init)
    i.TIM_OC3PreloadConfig                   0x08002b98   Section        0  stm32f4xx_tim.o(i.TIM_OC3PreloadConfig)
    i.TIM_OC4Init                            0x08002bac   Section        0  stm32f4xx_tim.o(i.TIM_OC4Init)
    i.TIM_OC4PreloadConfig                   0x08002c24   Section        0  stm32f4xx_tim.o(i.TIM_OC4PreloadConfig)
    i.TIM_SetCompare1                        0x08002c3e   Section        0  stm32f4xx_tim.o(i.TIM_SetCompare1)
    i.TIM_SetCompare2                        0x08002c42   Section        0  stm32f4xx_tim.o(i.TIM_SetCompare2)
    i.TIM_SetCompare3                        0x08002c46   Section        0  stm32f4xx_tim.o(i.TIM_SetCompare3)
    i.TIM_SetCompare4                        0x08002c4a   Section        0  stm32f4xx_tim.o(i.TIM_SetCompare4)
    i.TIM_TimeBaseInit                       0x08002c50   Section        0  stm32f4xx_tim.o(i.TIM_TimeBaseInit)
    i.USART1_Init                            0x08002cd4   Section        0  my_usart1.o(i.USART1_Init)
    i.USART_Cmd                              0x08002d5c   Section        0  stm32f4xx_usart.o(i.USART_Cmd)
    i.USART_Init                             0x08002d74   Section        0  stm32f4xx_usart.o(i.USART_Init)
    i.UsageFault_Handler                     0x08002e48   Section        0  stm32f4xx_it.o(i.UsageFault_Handler)
    i.__ARM_fpclassify                       0x08002e4c   Section        0  fpclassify.o(i.__ARM_fpclassify)
    i.__hardfp_asin                          0x08002e80   Section        0  asin.o(i.__hardfp_asin)
    i.__hardfp_atan                          0x080031e0   Section        0  atan.o(i.__hardfp_atan)
    i.__hardfp_atan2                         0x080034b8   Section        0  atan2.o(i.__hardfp_atan2)
    i.__kernel_poly                          0x080036a8   Section        0  poly.o(i.__kernel_poly)
    i.__mathlib_dbl_infnan                   0x080037a0   Section        0  dunder.o(i.__mathlib_dbl_infnan)
    i.__mathlib_dbl_infnan2                  0x080037b4   Section        0  dunder.o(i.__mathlib_dbl_infnan2)
    i.__mathlib_dbl_invalid                  0x080037c8   Section        0  dunder.o(i.__mathlib_dbl_invalid)
    i.__mathlib_dbl_underflow                0x080037e8   Section        0  dunder.o(i.__mathlib_dbl_underflow)
    i.__scatterload_copy                     0x08003808   Section       14  handlers.o(i.__scatterload_copy)
    i.__scatterload_null                     0x08003816   Section        2  handlers.o(i.__scatterload_null)
    i.__scatterload_zeroinit                 0x08003818   Section       14  handlers.o(i.__scatterload_zeroinit)
    i.__set_errno                            0x08003828   Section        0  errno.o(i.__set_errno)
    i.atan                                   0x08003834   Section        0  atan.o(i.atan)
    i.ccr_xf                                 0x08003844   Section        0  motor.o(i.ccr_xf)
    i.control_pid                            0x08003858   Section        0  pid.o(i.control_pid)
    i.fabs                                   0x08003b64   Section        0  fabs.o(i.fabs)
    i.invSqrt                                0x08003b7c   Section        0  imu.o(i.invSqrt)
    invSqrt                                  0x08003b7d   Thumb Code    56  imu.o(i.invSqrt)
    i.main                                   0x08003bb8   Section        0  main.o(i.main)
    i.pid_receive                            0x08003cd0   Section        0  main.o(i.pid_receive)
    i.spi_csn                                0x08003d24   Section        0  my_spi.o(i.spi_csn)
    i.sqrt                                   0x08003d3c   Section        0  sqrt.o(i.sqrt)
    .constdata                               0x08003db0   Section       80  asin.o(.constdata)
    pS                                       0x08003db0   Data          48  asin.o(.constdata)
    qS                                       0x08003de0   Data          32  asin.o(.constdata)
    .constdata                               0x08003e00   Section      152  atan.o(.constdata)
    atanhi                                   0x08003e00   Data          32  atan.o(.constdata)
    atanlo                                   0x08003e20   Data          32  atan.o(.constdata)
    aTodd                                    0x08003e40   Data          40  atan.o(.constdata)
    aTeven                                   0x08003e68   Data          48  atan.o(.constdata)
    .constdata                               0x08003e98   Section        8  qnan.o(.constdata)
    .data                                    0x20000000   Section       16  stm32f4xx_rcc.o(.data)
    APBAHBPrescTable                         0x20000000   Data          16  stm32f4xx_rcc.o(.data)
    .data                                    0x20000010   Section       72  mpu6050.o(.data)
    gyro_orientation                         0x20000024   Data           9  mpu6050.o(.data)
    .data                                    0x20000058   Section       64  imu.o(.data)
    gx_f                                     0x20000074   Data           4  imu.o(.data)
    gy_f                                     0x20000078   Data           4  imu.o(.data)
    gz_f                                     0x2000007c   Data           4  imu.o(.data)
    ax_f                                     0x2000008c   Data           4  imu.o(.data)
    ay_f                                     0x20000090   Data           4  imu.o(.data)
    az_f                                     0x20000094   Data           4  imu.o(.data)
    .data                                    0x20000098   Section       16  nrf24l01.o(.data)
    .data                                    0x200000a8   Section       16  pid.o(.data)
    .data                                    0x200000b8   Section        1  motor.o(.data)
    .data                                    0x200000bc   Section       88  main.o(.data)
    .data                                    0x20000114   Section        4  errno.o(.data)
    _errno                                   0x20000114   Data           4  errno.o(.data)
    .bss                                     0x20000118   Section       64  nrf24l01.o(.bss)
    .bss                                     0x20000158   Section      128  my_usart1.o(.bss)
    .bss                                     0x200001d8   Section      448  pid.o(.bss)
    .bss                                     0x20000398   Section      112  main.o(.bss)
    STACK                                    0x20000408   Section     1024  startup_stm32f411xe.o(STACK)

    Global Symbols

    Symbol Name                              Value     Ov Type        Size  Object(Section)

    BuildAttributes$$THM_ISAv4$E$P$D$K$B$S$7EM$VFPi3$EXTD16$VFPS$VFMA$PE$A:L22UL41UL21$X:L11$S22US41US21$IEEE1$IW$USESV6$~STKCKD$USESV7$~SHL$OTIME$ROPI$IEEEX$EBA8$MICROLIB$REQ8$PRES8$EABIv2 0x00000000   Number         0  anon$$obj.o ABSOLUTE
    __ARM_use_no_argv                        0x00000000   Number         0  main.o ABSOLUTE
    __cpp_initialize__aeabi_                  - Undefined Weak Reference
    __cxa_finalize                            - Undefined Weak Reference
    __decompress                              - Undefined Weak Reference
    _clock_init                               - Undefined Weak Reference
    _microlib_exit                            - Undefined Weak Reference
    __Vectors_Size                           0x00000198   Number         0  startup_stm32f411xe.o ABSOLUTE
    __Vectors                                0x08000000   Data           4  startup_stm32f411xe.o(RESET)
    __Vectors_End                            0x08000198   Data           0  startup_stm32f411xe.o(RESET)
    __main                                   0x08000199   Thumb Code     0  entry.o(.ARM.Collect$$$$00000000)
    _main_stk                                0x08000199   Thumb Code     0  entry2.o(.ARM.Collect$$$$00000001)
    _main_scatterload                        0x0800019d   Thumb Code     0  entry5.o(.ARM.Collect$$$$00000004)
    __main_after_scatterload                 0x080001a1   Thumb Code     0  entry5.o(.ARM.Collect$$$$00000004)
    _main_clock                              0x080001a1   Thumb Code     0  entry7b.o(.ARM.Collect$$$$00000008)
    _main_cpp_init                           0x080001a1   Thumb Code     0  entry8b.o(.ARM.Collect$$$$0000000A)
    _main_init                               0x080001a1   Thumb Code     0  entry9a.o(.ARM.Collect$$$$0000000B)
    __rt_final_cpp                           0x080001a9   Thumb Code     0  entry10a.o(.ARM.Collect$$$$0000000D)
    __rt_final_exit                          0x080001a9   Thumb Code     0  entry11a.o(.ARM.Collect$$$$0000000F)
    Reset_Handler                            0x080001ad   Thumb Code     8  startup_stm32f411xe.o(.text)
    ADC_IRQHandler                           0x080001c7   Thumb Code     0  startup_stm32f411xe.o(.text)
    DMA1_Stream0_IRQHandler                  0x080001c7   Thumb Code     0  startup_stm32f411xe.o(.text)
    DMA1_Stream1_IRQHandler                  0x080001c7   Thumb Code     0  startup_stm32f411xe.o(.text)
    DMA1_Stream2_IRQHandler                  0x080001c7   Thumb Code     0  startup_stm32f411xe.o(.text)
    DMA1_Stream3_IRQHandler                  0x080001c7   Thumb Code     0  startup_stm32f411xe.o(.text)
    DMA1_Stream4_IRQHandler                  0x080001c7   Thumb Code     0  startup_stm32f411xe.o(.text)
    DMA1_Stream5_IRQHandler                  0x080001c7   Thumb Code     0  startup_stm32f411xe.o(.text)
    DMA1_Stream6_IRQHandler                  0x080001c7   Thumb Code     0  startup_stm32f411xe.o(.text)
    DMA1_Stream7_IRQHandler                  0x080001c7   Thumb Code     0  startup_stm32f411xe.o(.text)
    DMA2_Stream0_IRQHandler                  0x080001c7   Thumb Code     0  startup_stm32f411xe.o(.text)
    DMA2_Stream1_IRQHandler                  0x080001c7   Thumb Code     0  startup_stm32f411xe.o(.text)
    DMA2_Stream2_IRQHandler                  0x080001c7   Thumb Code     0  startup_stm32f411xe.o(.text)
    DMA2_Stream3_IRQHandler                  0x080001c7   Thumb Code     0  startup_stm32f411xe.o(.text)
    DMA2_Stream4_IRQHandler                  0x080001c7   Thumb Code     0  startup_stm32f411xe.o(.text)
    DMA2_Stream5_IRQHandler                  0x080001c7   Thumb Code     0  startup_stm32f411xe.o(.text)
    DMA2_Stream6_IRQHandler                  0x080001c7   Thumb Code     0  startup_stm32f411xe.o(.text)
    DMA2_Stream7_IRQHandler                  0x080001c7   Thumb Code     0  startup_stm32f411xe.o(.text)
    EXTI0_IRQHandler                         0x080001c7   Thumb Code     0  startup_stm32f411xe.o(.text)
    EXTI15_10_IRQHandler                     0x080001c7   Thumb Code     0  startup_stm32f411xe.o(.text)
    EXTI1_IRQHandler                         0x080001c7   Thumb Code     0  startup_stm32f411xe.o(.text)
    EXTI2_IRQHandler                         0x080001c7   Thumb Code     0  startup_stm32f411xe.o(.text)
    EXTI3_IRQHandler                         0x080001c7   Thumb Code     0  startup_stm32f411xe.o(.text)
    EXTI4_IRQHandler                         0x080001c7   Thumb Code     0  startup_stm32f411xe.o(.text)
    EXTI9_5_IRQHandler                       0x080001c7   Thumb Code     0  startup_stm32f411xe.o(.text)
    FLASH_IRQHandler                         0x080001c7   Thumb Code     0  startup_stm32f411xe.o(.text)
    FPU_IRQHandler                           0x080001c7   Thumb Code     0  startup_stm32f411xe.o(.text)
    I2C1_ER_IRQHandler                       0x080001c7   Thumb Code     0  startup_stm32f411xe.o(.text)
    I2C1_EV_IRQHandler                       0x080001c7   Thumb Code     0  startup_stm32f411xe.o(.text)
    I2C2_ER_IRQHandler                       0x080001c7   Thumb Code     0  startup_stm32f411xe.o(.text)
    I2C2_EV_IRQHandler                       0x080001c7   Thumb Code     0  startup_stm32f411xe.o(.text)
    I2C3_ER_IRQHandler                       0x080001c7   Thumb Code     0  startup_stm32f411xe.o(.text)
    I2C3_EV_IRQHandler                       0x080001c7   Thumb Code     0  startup_stm32f411xe.o(.text)
    OTG_FS_IRQHandler                        0x080001c7   Thumb Code     0  startup_stm32f411xe.o(.text)
    OTG_FS_WKUP_IRQHandler                   0x080001c7   Thumb Code     0  startup_stm32f411xe.o(.text)
    PVD_IRQHandler                           0x080001c7   Thumb Code     0  startup_stm32f411xe.o(.text)
    RCC_IRQHandler                           0x080001c7   Thumb Code     0  startup_stm32f411xe.o(.text)
    RTC_Alarm_IRQHandler                     0x080001c7   Thumb Code     0  startup_stm32f411xe.o(.text)
    RTC_WKUP_IRQHandler                      0x080001c7   Thumb Code     0  startup_stm32f411xe.o(.text)
    SDIO_IRQHandler                          0x080001c7   Thumb Code     0  startup_stm32f411xe.o(.text)
    SPI1_IRQHandler                          0x080001c7   Thumb Code     0  startup_stm32f411xe.o(.text)
    SPI2_IRQHandler                          0x080001c7   Thumb Code     0  startup_stm32f411xe.o(.text)
    SPI3_IRQHandler                          0x080001c7   Thumb Code     0  startup_stm32f411xe.o(.text)
    SPI4_IRQHandler                          0x080001c7   Thumb Code     0  startup_stm32f411xe.o(.text)
    SPI5_IRQHandler                          0x080001c7   Thumb Code     0  startup_stm32f411xe.o(.text)
    TAMP_STAMP_IRQHandler                    0x080001c7   Thumb Code     0  startup_stm32f411xe.o(.text)
    TIM1_BRK_TIM9_IRQHandler                 0x080001c7   Thumb Code     0  startup_stm32f411xe.o(.text)
    TIM1_CC_IRQHandler                       0x080001c7   Thumb Code     0  startup_stm32f411xe.o(.text)
    TIM1_TRG_COM_TIM11_IRQHandler            0x080001c7   Thumb Code     0  startup_stm32f411xe.o(.text)
    TIM1_UP_TIM10_IRQHandler                 0x080001c7   Thumb Code     0  startup_stm32f411xe.o(.text)
    TIM2_IRQHandler                          0x080001c7   Thumb Code     0  startup_stm32f411xe.o(.text)
    TIM3_IRQHandler                          0x080001c7   Thumb Code     0  startup_stm32f411xe.o(.text)
    TIM5_IRQHandler                          0x080001c7   Thumb Code     0  startup_stm32f411xe.o(.text)
    USART1_IRQHandler                        0x080001c7   Thumb Code     0  startup_stm32f411xe.o(.text)
    USART2_IRQHandler                        0x080001c7   Thumb Code     0  startup_stm32f411xe.o(.text)
    USART6_IRQHandler                        0x080001c7   Thumb Code     0  startup_stm32f411xe.o(.text)
    WWDG_IRQHandler                          0x080001c7   Thumb Code     0  startup_stm32f411xe.o(.text)
    __aeabi_dmul                             0x080001d1   Thumb Code   228  dmul.o(.text)
    __aeabi_f2d                              0x080002b5   Thumb Code    38  f2d.o(.text)
    __aeabi_d2f                              0x080002db   Thumb Code    56  d2f.o(.text)
    __I$use$fp                               0x08000313   Thumb Code     0  iusefp.o(.text)
    _float_round                             0x08000313   Thumb Code    18  fepilogue.o(.text)
    _float_epilogue                          0x08000325   Thumb Code    92  fepilogue.o(.text)
    _double_round                            0x08000381   Thumb Code    30  depilogue.o(.text)
    _double_epilogue                         0x0800039f   Thumb Code   156  depilogue.o(.text)
    __aeabi_dadd                             0x0800043b   Thumb Code   322  dadd.o(.text)
    __aeabi_dsub                             0x0800057d   Thumb Code     6  dadd.o(.text)
    __aeabi_drsub                            0x08000583   Thumb Code     6  dadd.o(.text)
    __aeabi_ddiv                             0x08000589   Thumb Code   222  ddiv.o(.text)
    __scatterload                            0x08000669   Thumb Code    28  init.o(.text)
    __scatterload_rt2                        0x08000669   Thumb Code     0  init.o(.text)
    __aeabi_llsl                             0x0800068d   Thumb Code    30  llshl.o(.text)
    _ll_shift_l                              0x0800068d   Thumb Code     0  llshl.o(.text)
    __aeabi_llsr                             0x080006ab   Thumb Code    32  llushr.o(.text)
    _ll_ushift_r                             0x080006ab   Thumb Code     0  llushr.o(.text)
    __aeabi_lasr                             0x080006cb   Thumb Code    36  llsshr.o(.text)
    _ll_sshift_r                             0x080006cb   Thumb Code     0  llsshr.o(.text)
    _dsqrt                                   0x080006ef   Thumb Code   162  dsqrt.o(.text)
    ADC1_CH0_Init                            0x08000791   Thumb Code   130  adc.o(i.ADC1_CH0_Init)
    ADC1_Read                                0x0800081d   Thumb Code    30  adc.o(i.ADC1_Read)
    ADC_Cmd                                  0x08000841   Thumb Code    22  stm32f4xx_adc.o(i.ADC_Cmd)
    ADC_CommonInit                           0x08000859   Thumb Code    34  stm32f4xx_adc.o(i.ADC_CommonInit)
    ADC_GetConversionValue                   0x08000889   Thumb Code     8  stm32f4xx_adc.o(i.ADC_GetConversionValue)
    ADC_GetFlagStatus                        0x08000891   Thumb Code    18  stm32f4xx_adc.o(i.ADC_GetFlagStatus)
    ADC_Init                                 0x080008a5   Thumb Code    74  stm32f4xx_adc.o(i.ADC_Init)
    ADC_RegularChannelConfig                 0x080008f9   Thumb Code   184  stm32f4xx_adc.o(i.ADC_RegularChannelConfig)
    ADC_SoftwareStartConv                    0x080009b1   Thumb Code    10  stm32f4xx_adc.o(i.ADC_SoftwareStartConv)
    Battery_GetPercent                       0x080009bd   Thumb Code    72  adc.o(i.Battery_GetPercent)
    Battery_GetVoltage                       0x08000a15   Thumb Code    60  adc.o(i.Battery_GetVoltage)
    BusFault_Handler                         0x08000a59   Thumb Code     4  stm32f4xx_it.o(i.BusFault_Handler)
    DebugMon_Handler                         0x08000a5d   Thumb Code     2  stm32f4xx_it.o(i.DebugMon_Handler)
    Delay_ms                                 0x08000a5f   Thumb Code    24  delay.o(i.Delay_ms)
    Delay_us                                 0x08000a77   Thumb Code    46  delay.o(i.Delay_us)
    GPIO_Init                                0x08000aa5   Thumb Code   144  stm32f4xx_gpio.o(i.GPIO_Init)
    GPIO_PinAFConfig                         0x08000b35   Thumb Code    70  stm32f4xx_gpio.o(i.GPIO_PinAFConfig)
    GPIO_ReadInputDataBit                    0x08000b7b   Thumb Code    18  stm32f4xx_gpio.o(i.GPIO_ReadInputDataBit)
    GPIO_SetBits                             0x08000b8d   Thumb Code     4  stm32f4xx_gpio.o(i.GPIO_SetBits)
    GPIO_WriteBit                            0x08000b91   Thumb Code    12  stm32f4xx_gpio.o(i.GPIO_WriteBit)
    HardFault_Handler                        0x08000b9d   Thumb Code     4  stm32f4xx_it.o(i.HardFault_Handler)
    IIC_R_SDA                                0x08000ba1   Thumb Code    28  my_iic.o(i.IIC_R_SDA)
    IIC_W_SCL                                0x08000bc1   Thumb Code    22  my_iic.o(i.IIC_W_SCL)
    IIC_W_SDA                                0x08000bdd   Thumb Code    22  my_iic.o(i.IIC_W_SDA)
    IMU                                      0x08000bf9   Thumb Code  1760  imu.o(i.IMU)
    IWDG_Enable                              0x080012f1   Thumb Code    10  stm32f4xx_iwdg.o(i.IWDG_Enable)
    IWDG_ReloadCounter                       0x08001301   Thumb Code    10  stm32f4xx_iwdg.o(i.IWDG_ReloadCounter)
    IWDG_SetPrescaler                        0x08001311   Thumb Code     6  stm32f4xx_iwdg.o(i.IWDG_SetPrescaler)
    IWDG_SetReload                           0x0800131d   Thumb Code     6  stm32f4xx_iwdg.o(i.IWDG_SetReload)
    IWDG_WriteAccessCmd                      0x08001329   Thumb Code     6  stm32f4xx_iwdg.o(i.IWDG_WriteAccessCmd)
    LPF                                      0x08001335   Thumb Code    22  imu.o(i.LPF)
    MPU6050_Calibrate_Offset                 0x0800134d   Thumb Code   204  mpu6050.o(i.MPU6050_Calibrate_Offset)
    MPU6050_GetData                          0x08001431   Thumb Code   172  mpu6050.o(i.MPU6050_GetData)
    MPU6050_Init                             0x080014dd   Thumb Code    56  mpu6050.o(i.MPU6050_Init)
    MPU6050_R                                0x08001515   Thumb Code    62  mpu6050.o(i.MPU6050_R)
    MPU6050_W                                0x08001553   Thumb Code    46  mpu6050.o(i.MPU6050_W)
    MemManage_Handler                        0x08001581   Thumb Code     4  stm32f4xx_it.o(i.MemManage_Handler)
    My_IIC_Init                              0x08001585   Thumb Code    94  my_iic.o(i.My_IIC_Init)
    My_IIC_ReceiveACK                        0x080015e9   Thumb Code    36  my_iic.o(i.My_IIC_ReceiveACK)
    My_IIC_ReceiveByte                       0x08001611   Thumb Code    58  my_iic.o(i.My_IIC_ReceiveByte)
    My_IIC_SendACK                           0x08001651   Thumb Code    46  my_iic.o(i.My_IIC_SendACK)
    My_IIC_SendByte                          0x08001685   Thumb Code    64  my_iic.o(i.My_IIC_SendByte)
    My_IIC_Start                             0x080016c9   Thumb Code    56  my_iic.o(i.My_IIC_Start)
    My_IIC_Stop                              0x08001705   Thumb Code    56  my_iic.o(i.My_IIC_Stop)
    My_spi_ReadWrite                         0x08001741   Thumb Code    50  my_spi.o(i.My_spi_ReadWrite)
    My_spi_init                              0x08001779   Thumb Code   212  my_spi.o(i.My_spi_init)
    NMI_Handler                              0x08001855   Thumb Code     2  stm32f4xx_it.o(i.NMI_Handler)
    NRF24L01_ADC_ReceiveByte                 0x08001859   Thumb Code   196  main.o(i.NRF24L01_ADC_ReceiveByte)
    NRF24L01_ADC_SendByte                    0x08001929   Thumb Code   250  main.o(i.NRF24L01_ADC_SendByte)
    NRF24L01_ClearRxFIFO                     0x08001a35   Thumb Code    22  nrf24l01.o(i.NRF24L01_ClearRxFIFO)
    NRF24L01_ClearTxFIFO                     0x08001a4b   Thumb Code    22  nrf24l01.o(i.NRF24L01_ClearTxFIFO)
    NRF24L01_GPIO_Init                       0x08001a61   Thumb Code    56  nrf24l01.o(i.NRF24L01_GPIO_Init)
    NRF24L01_Init_                           0x08001a9d   Thumb Code    96  nrf24l01.o(i.NRF24L01_Init_)
    NRF24L01_ReadReg                         0x08001b01   Thumb Code    34  nrf24l01.o(i.NRF24L01_ReadReg)
    NRF24L01_ReadRxFIFO                      0x08001b23   Thumb Code    46  nrf24l01.o(i.NRF24L01_ReadRxFIFO)
    NRF24L01_ReadStatus                      0x08001b51   Thumb Code    26  nrf24l01.o(i.NRF24L01_ReadStatus)
    NRF24L01_Receive                         0x08001b6d   Thumb Code   108  nrf24l01.o(i.NRF24L01_Receive)
    NRF24L01_RxMode                          0x08001be1   Thumb Code    42  nrf24l01.o(i.NRF24L01_RxMode)
    NRF24L01_Send                            0x08001c0d   Thumb Code   100  nrf24l01.o(i.NRF24L01_Send)
    NRF24L01_TxMode                          0x08001c79   Thumb Code    46  nrf24l01.o(i.NRF24L01_TxMode)
    NRF24L01_W_CE                            0x08001ca9   Thumb Code    18  nrf24l01.o(i.NRF24L01_W_CE)
    NRF24L01_WriteRge                        0x08001cc1   Thumb Code    34  nrf24l01.o(i.NRF24L01_WriteRge)
    NRF24L01_WriteRgeS                       0x08001ce3   Thumb Code    52  nrf24l01.o(i.NRF24L01_WriteRgeS)
    NRF24L01_WriteTxFIFO                     0x08001d17   Thumb Code    44  nrf24l01.o(i.NRF24L01_WriteTxFIFO)
    NVIC_Init                                0x08001d45   Thumb Code   106  misc.o(i.NVIC_Init)
    OLED_Clear                               0x08001dbd   Thumb Code    42  oled.o(i.OLED_Clear)
    OLED_I2C_Init                            0x08001de7   Thumb Code     8  oled.o(i.OLED_I2C_Init)
    OLED_I2C_SendByte                        0x08001df1   Thumb Code    32  oled.o(i.OLED_I2C_SendByte)
    OLED_I2C_Start                           0x08001e15   Thumb Code     8  oled.o(i.OLED_I2C_Start)
    OLED_I2C_Stop                            0x08001e1d   Thumb Code     8  oled.o(i.OLED_I2C_Stop)
    OLED_Init                                0x08001e25   Thumb Code   174  oled.o(i.OLED_Init)
    OLED_SetCursor                           0x08001ed3   Thumb Code    34  oled.o(i.OLED_SetCursor)
    OLED_WriteCommand                        0x08001ef5   Thumb Code    32  oled.o(i.OLED_WriteCommand)
    OLED_WriteData                           0x08001f15   Thumb Code    32  oled.o(i.OLED_WriteData)
    PID_Postion_Cal                          0x08001f35   Thumb Code   274  pid.o(i.PID_Postion_Cal)
    PID_structuer_Init                       0x08002055   Thumb Code   434  pid.o(i.PID_structuer_Init)
    PendSV_Handler                           0x0800229d   Thumb Code     2  stm32f4xx_it.o(i.PendSV_Handler)
    RCC_AHB1PeriphClockCmd                   0x080022a1   Thumb Code    26  stm32f4xx_rcc.o(i.RCC_AHB1PeriphClockCmd)
    RCC_APB1PeriphClockCmd                   0x080022c1   Thumb Code    26  stm32f4xx_rcc.o(i.RCC_APB1PeriphClockCmd)
    RCC_APB1PeriphResetCmd                   0x080022e1   Thumb Code    26  stm32f4xx_rcc.o(i.RCC_APB1PeriphResetCmd)
    RCC_APB2PeriphClockCmd                   0x08002301   Thumb Code    26  stm32f4xx_rcc.o(i.RCC_APB2PeriphClockCmd)
    RCC_APB2PeriphResetCmd                   0x08002321   Thumb Code    26  stm32f4xx_rcc.o(i.RCC_APB2PeriphResetCmd)
    RCC_GetClocksFreq                        0x08002341   Thumb Code   214  stm32f4xx_rcc.o(i.RCC_GetClocksFreq)
    SPI_Cmd                                  0x08002429   Thumb Code    24  stm32f4xx_spi.o(i.SPI_Cmd)
    SPI_I2S_DeInit                           0x08002441   Thumb Code   152  stm32f4xx_spi.o(i.SPI_I2S_DeInit)
    SPI_I2S_GetFlagStatus                    0x080024f1   Thumb Code    18  stm32f4xx_spi.o(i.SPI_I2S_GetFlagStatus)
    SPI_I2S_ReceiveData                      0x08002503   Thumb Code     6  stm32f4xx_spi.o(i.SPI_I2S_ReceiveData)
    SPI_I2S_SendData                         0x08002509   Thumb Code     4  stm32f4xx_spi.o(i.SPI_I2S_SendData)
    SPI_Init                                 0x0800250d   Thumb Code    60  stm32f4xx_spi.o(i.SPI_Init)
    START_init                               0x08002549   Thumb Code   210  main.o(i.START_init)
    SVC_Handler                              0x0800267d   Thumb Code     2  stm32f4xx_it.o(i.SVC_Handler)
    SysTick_Handler                          0x0800271d   Thumb Code     2  stm32f4xx_it.o(i.SysTick_Handler)
    SystemInit                               0x08002721   Thumb Code    88  system_stm32f4xx.o(i.SystemInit)
    TIM3_PWM_Init                            0x08002789   Thumb Code   242  motor.o(i.TIM3_PWM_Init)
    TIM4_IRQHandler                          0x08002889   Thumb Code    28  motor.o(i.TIM4_IRQHandler)
    TIM4_Int_Init                            0x080028ad   Thumb Code    86  motor.o(i.TIM4_Int_Init)
    TIM_ARRPreloadConfig                     0x08002909   Thumb Code    24  stm32f4xx_tim.o(i.TIM_ARRPreloadConfig)
    TIM_CCR                                  0x08002921   Thumb Code    48  motor.o(i.TIM_CCR)
    TIM_ClearITPendingBit                    0x08002955   Thumb Code     6  stm32f4xx_tim.o(i.TIM_ClearITPendingBit)
    TIM_Cmd                                  0x0800295b   Thumb Code    24  stm32f4xx_tim.o(i.TIM_Cmd)
    TIM_GetITStatus                          0x08002973   Thumb Code    34  stm32f4xx_tim.o(i.TIM_GetITStatus)
    TIM_ITConfig                             0x08002995   Thumb Code    18  stm32f4xx_tim.o(i.TIM_ITConfig)
    TIM_OC1Init                              0x080029a9   Thumb Code   114  stm32f4xx_tim.o(i.TIM_OC1Init)
    TIM_OC1PreloadConfig                     0x08002a25   Thumb Code    18  stm32f4xx_tim.o(i.TIM_OC1PreloadConfig)
    TIM_OC2Init                              0x08002a39   Thumb Code   154  stm32f4xx_tim.o(i.TIM_OC2Init)
    TIM_OC2PreloadConfig                     0x08002add   Thumb Code    26  stm32f4xx_tim.o(i.TIM_OC2PreloadConfig)
    TIM_OC3Init                              0x08002af9   Thumb Code   150  stm32f4xx_tim.o(i.TIM_OC3Init)
    TIM_OC3PreloadConfig                     0x08002b99   Thumb Code    18  stm32f4xx_tim.o(i.TIM_OC3PreloadConfig)
    TIM_OC4Init                              0x08002bad   Thumb Code   112  stm32f4xx_tim.o(i.TIM_OC4Init)
    TIM_OC4PreloadConfig                     0x08002c25   Thumb Code    26  stm32f4xx_tim.o(i.TIM_OC4PreloadConfig)
    TIM_SetCompare1                          0x08002c3f   Thumb Code     4  stm32f4xx_tim.o(i.TIM_SetCompare1)
    TIM_SetCompare2                          0x08002c43   Thumb Code     4  stm32f4xx_tim.o(i.TIM_SetCompare2)
    TIM_SetCompare3                          0x08002c47   Thumb Code     4  stm32f4xx_tim.o(i.TIM_SetCompare3)
    TIM_SetCompare4                          0x08002c4b   Thumb Code     4  stm32f4xx_tim.o(i.TIM_SetCompare4)
    TIM_TimeBaseInit                         0x08002c51   Thumb Code   104  stm32f4xx_tim.o(i.TIM_TimeBaseInit)
    USART1_Init                              0x08002cd5   Thumb Code   126  my_usart1.o(i.USART1_Init)
    USART_Cmd                                0x08002d5d   Thumb Code    24  stm32f4xx_usart.o(i.USART_Cmd)
    USART_Init                               0x08002d75   Thumb Code   204  stm32f4xx_usart.o(i.USART_Init)
    UsageFault_Handler                       0x08002e49   Thumb Code     4  stm32f4xx_it.o(i.UsageFault_Handler)
    __ARM_fpclassify                         0x08002e4d   Thumb Code    48  fpclassify.o(i.__ARM_fpclassify)
    __hardfp_asin                            0x08002e81   Thumb Code   770  asin.o(i.__hardfp_asin)
    __hardfp_atan                            0x080031e1   Thumb Code   622  atan.o(i.__hardfp_atan)
    __hardfp_atan2                           0x080034b9   Thumb Code   432  atan2.o(i.__hardfp_atan2)
    __kernel_poly                            0x080036a9   Thumb Code   248  poly.o(i.__kernel_poly)
    __mathlib_dbl_infnan                     0x080037a1   Thumb Code    20  dunder.o(i.__mathlib_dbl_infnan)
    __mathlib_dbl_infnan2                    0x080037b5   Thumb Code    20  dunder.o(i.__mathlib_dbl_infnan2)
    __mathlib_dbl_invalid                    0x080037c9   Thumb Code    24  dunder.o(i.__mathlib_dbl_invalid)
    __mathlib_dbl_underflow                  0x080037e9   Thumb Code    24  dunder.o(i.__mathlib_dbl_underflow)
    __scatterload_copy                       0x08003809   Thumb Code    14  handlers.o(i.__scatterload_copy)
    __scatterload_null                       0x08003817   Thumb Code     2  handlers.o(i.__scatterload_null)
    __scatterload_zeroinit                   0x08003819   Thumb Code    14  handlers.o(i.__scatterload_zeroinit)
    __set_errno                              0x08003829   Thumb Code     6  errno.o(i.__set_errno)
    atan                                     0x08003835   Thumb Code    16  atan.o(i.atan)
    ccr_xf                                   0x08003845   Thumb Code    18  motor.o(i.ccr_xf)
    control_pid                              0x08003859   Thumb Code   718  pid.o(i.control_pid)
    fabs                                     0x08003b65   Thumb Code    24  fabs.o(i.fabs)
    main                                     0x08003bb9   Thumb Code   246  main.o(i.main)
    pid_receive                              0x08003cd1   Thumb Code    80  main.o(i.pid_receive)
    spi_csn                                  0x08003d25   Thumb Code    18  my_spi.o(i.spi_csn)
    sqrt                                     0x08003d3d   Thumb Code   110  sqrt.o(i.sqrt)
    __mathlib_zero                           0x08003e98   Data           8  qnan.o(.constdata)
    Region$$Table$$Base                      0x08003ea0   Number         0  anon$$obj.o(Region$$Table)
    Region$$Table$$Limit                     0x08003ec0   Number         0  anon$$obj.o(Region$$Table)
    last_gyro_x                              0x20000010   Data           4  mpu6050.o(.data)
    last_gyro_y                              0x20000014   Data           4  mpu6050.o(.data)
    last_gyro_z                              0x20000018   Data           4  mpu6050.o(.data)
    filter_alpha                             0x2000001c   Data           4  mpu6050.o(.data)
    last_gy                                  0x20000020   Data           4  mpu6050.o(.data)
    sensor_timestamp                         0x20000030   Data           4  mpu6050.o(.data)
    gyro                                     0x20000034   Data           6  mpu6050.o(.data)
    accel                                    0x2000003a   Data           6  mpu6050.o(.data)
    sensors                                  0x20000040   Data           2  mpu6050.o(.data)
    more                                     0x20000042   Data           1  mpu6050.o(.data)
    Gyro_Offset_X                            0x20000044   Data           4  mpu6050.o(.data)
    Gyro_Offset_Y                            0x20000048   Data           4  mpu6050.o(.data)
    Gyro_Offset_Z                            0x2000004c   Data           4  mpu6050.o(.data)
    Accel_Offset_X                           0x20000050   Data           4  mpu6050.o(.data)
    Accel_Offset_Y                           0x20000054   Data           4  mpu6050.o(.data)
    q0                                       0x20000058   Data           4  imu.o(.data)
    q1                                       0x2000005c   Data           4  imu.o(.data)
    q2                                       0x20000060   Data           4  imu.o(.data)
    q3                                       0x20000064   Data           4  imu.o(.data)
    exint                                    0x20000068   Data           4  imu.o(.data)
    eyint                                    0x2000006c   Data           4  imu.o(.data)
    ezint                                    0x20000070   Data           4  imu.o(.data)
    AX                                       0x20000080   Data           2  imu.o(.data)
    AY                                       0x20000082   Data           2  imu.o(.data)
    AZ                                       0x20000084   Data           2  imu.o(.data)
    GX                                       0x20000086   Data           2  imu.o(.data)
    GY                                       0x20000088   Data           2  imu.o(.data)
    GZ                                       0x2000008a   Data           2  imu.o(.data)
    RxAddress                                0x20000098   Data           5  nrf24l01.o(.data)
    TxAddress                                0x2000009d   Data           5  nrf24l01.o(.data)
    timeout                                  0x200000a4   Data           4  nrf24l01.o(.data)
    ROLL_OFFSET                              0x200000a8   Data           4  pid.o(.data)
    PITCH_OFFSET                             0x200000ac   Data           4  pid.o(.data)
    Moto_PWM_1                               0x200000b0   Data           2  pid.o(.data)
    Moto_PWM_2                               0x200000b2   Data           2  pid.o(.data)
    Moto_PWM_3                               0x200000b4   Data           2  pid.o(.data)
    Moto_PWM_4                               0x200000b6   Data           2  pid.o(.data)
    pid_execute_flag                         0x200000b8   Data           1  motor.o(.data)
    rest_CONTROL                             0x200000bc   Data           1  main.o(.data)
    count                                    0x200000bd   Data           1  main.o(.data)
    Ack_Status                               0x200000be   Data           1  main.o(.data)
    PID_ROL_Rate_p                           0x200000c0   Data           4  main.o(.data)
    PID_ROL_Rate_i                           0x200000c4   Data           4  main.o(.data)
    PID_ROL_Rate_d                           0x200000c8   Data           4  main.o(.data)
    PID_PIT_Rate_p                           0x200000cc   Data           4  main.o(.data)
    PID_PIT_Rate_i                           0x200000d0   Data           4  main.o(.data)
    PID_PIT_Rate_d                           0x200000d4   Data           4  main.o(.data)
    PID_YAW_Rate_p                           0x200000d8   Data           4  main.o(.data)
    PID_YAW_Rate_i                           0x200000dc   Data           4  main.o(.data)
    PID_YAW_Rate_d                           0x200000e0   Data           4  main.o(.data)
    PID_ROL_Angle_p                          0x200000e4   Data           4  main.o(.data)
    PID_ROL_Angle_i                          0x200000e8   Data           4  main.o(.data)
    PID_ROL_Angle_d                          0x200000ec   Data           4  main.o(.data)
    PID_PIT_Angle_p                          0x200000f0   Data           4  main.o(.data)
    PID_PIT_Angle_i                          0x200000f4   Data           4  main.o(.data)
    PID_PIT_Angle_d                          0x200000f8   Data           4  main.o(.data)
    PID_YAW_Angle_p                          0x200000fc   Data           4  main.o(.data)
    PID_YAW_Angle_i                          0x20000100   Data           4  main.o(.data)
    PID_YAW_Angle_d                          0x20000104   Data           4  main.o(.data)
    roll                                     0x20000108   Data           4  main.o(.data)
    pit                                      0x2000010c   Data           4  main.o(.data)
    yaw                                      0x20000110   Data           4  main.o(.data)
    NRF24L01_SendByte                        0x20000118   Data          32  nrf24l01.o(.bss)
    NRF24L01_ReceiveByte                     0x20000138   Data          32  nrf24l01.o(.bss)
    usart_s                                  0x20000158   Data         128  my_usart1.o(.bss)
    PID_ROL_Angle                            0x200001d8   Data          56  pid.o(.bss)
    PID_PIT_Angle                            0x20000210   Data          56  pid.o(.bss)
    PID_YAW_Angle                            0x20000248   Data          56  pid.o(.bss)
    PID_ROL_Rate                             0x20000280   Data          56  pid.o(.bss)
    PID_PIT_Rate                             0x200002b8   Data          56  pid.o(.bss)
    PID_YAW_Rate                             0x200002f0   Data          56  pid.o(.bss)
    PID_ALT_Rate                             0x20000328   Data          56  pid.o(.bss)
    PID_ALT                                  0x20000360   Data          56  pid.o(.bss)
    Receive                                  0x20000398   Data          24  main.o(.bss)
    G                                        0x200003b0   Data          12  main.o(.bss)
    attitude                                 0x200003bc   Data          12  main.o(.bss)
    rxbuf                                    0x200003c8   Data          32  main.o(.bss)
    txbuf                                    0x200003e8   Data          32  main.o(.bss)
    __initial_sp                             0x20000808   Data           0  startup_stm32f411xe.o(STACK)



==============================================================================

Memory Map of the image

  Image Entry point : 0x08000199

  Load Region LR_IROM1 (Base: 0x08000000, Size: 0x00003fd8, Max: 0x00080000, ABSOLUTE)

    Execution Region ER_IROM1 (Exec base: 0x08000000, Load base: 0x08000000, Size: 0x00003ec0, Max: 0x00080000, ABSOLUTE)

    Exec Addr    Load Addr    Size         Type   Attr      Idx    E Section Name        Object

    0x08000000   0x08000000   0x00000198   Data   RO         5807    RESET               startup_stm32f411xe.o
    0x08000198   0x08000198   0x00000000   Code   RO         6593  * .ARM.Collect$$$$00000000  mc_w.l(entry.o)
    0x08000198   0x08000198   0x00000004   Code   RO         6661    .ARM.Collect$$$$00000001  mc_w.l(entry2.o)
    0x0800019c   0x0800019c   0x00000004   Code   RO         6664    .ARM.Collect$$$$00000004  mc_w.l(entry5.o)
    0x080001a0   0x080001a0   0x00000000   Code   RO         6666    .ARM.Collect$$$$00000008  mc_w.l(entry7b.o)
    0x080001a0   0x080001a0   0x00000000   Code   RO         6668    .ARM.Collect$$$$0000000A  mc_w.l(entry8b.o)
    0x080001a0   0x080001a0   0x00000008   Code   RO         6669    .ARM.Collect$$$$0000000B  mc_w.l(entry9a.o)
    0x080001a8   0x080001a8   0x00000000   Code   RO         6671    .ARM.Collect$$$$0000000D  mc_w.l(entry10a.o)
    0x080001a8   0x080001a8   0x00000000   Code   RO         6673    .ARM.Collect$$$$0000000F  mc_w.l(entry11a.o)
    0x080001a8   0x080001a8   0x00000004   Code   RO         6662    .ARM.Collect$$$$00002712  mc_w.l(entry2.o)
    0x080001ac   0x080001ac   0x00000024   Code   RO         5808    .text               startup_stm32f411xe.o
    0x080001d0   0x080001d0   0x000000e4   Code   RO         6602    .text               mf_w.l(dmul.o)
    0x080002b4   0x080002b4   0x00000026   Code   RO         6606    .text               mf_w.l(f2d.o)
    0x080002da   0x080002da   0x00000038   Code   RO         6608    .text               mf_w.l(d2f.o)
    0x08000312   0x08000312   0x00000000   Code   RO         6684    .text               mc_w.l(iusefp.o)
    0x08000312   0x08000312   0x0000006e   Code   RO         6685    .text               mf_w.l(fepilogue.o)
    0x08000380   0x08000380   0x000000ba   Code   RO         6687    .text               mf_w.l(depilogue.o)
    0x0800043a   0x0800043a   0x0000014e   Code   RO         6689    .text               mf_w.l(dadd.o)
    0x08000588   0x08000588   0x000000de   Code   RO         6691    .text               mf_w.l(ddiv.o)
    0x08000666   0x08000666   0x00000002   PAD
    0x08000668   0x08000668   0x00000024   Code   RO         6693    .text               mc_w.l(init.o)
    0x0800068c   0x0800068c   0x0000001e   Code   RO         6695    .text               mc_w.l(llshl.o)
    0x080006aa   0x080006aa   0x00000020   Code   RO         6697    .text               mc_w.l(llushr.o)
    0x080006ca   0x080006ca   0x00000024   Code   RO         6699    .text               mc_w.l(llsshr.o)
    0x080006ee   0x080006ee   0x000000a2   Code   RO         6701    .text               mf_w.l(dsqrt.o)
    0x08000790   0x08000790   0x0000008c   Code   RO         5703    i.ADC1_CH0_Init     adc.o
    0x0800081c   0x0800081c   0x00000024   Code   RO         5704    i.ADC1_Read         adc.o
    0x08000840   0x08000840   0x00000016   Code   RO          147    i.ADC_Cmd           stm32f4xx_adc.o
    0x08000856   0x08000856   0x00000002   PAD
    0x08000858   0x08000858   0x00000030   Code   RO          148    i.ADC_CommonInit    stm32f4xx_adc.o
    0x08000888   0x08000888   0x00000008   Code   RO          159    i.ADC_GetConversionValue  stm32f4xx_adc.o
    0x08000890   0x08000890   0x00000012   Code   RO          160    i.ADC_GetFlagStatus  stm32f4xx_adc.o
    0x080008a2   0x080008a2   0x00000002   PAD
    0x080008a4   0x080008a4   0x00000054   Code   RO          167    i.ADC_Init          stm32f4xx_adc.o
    0x080008f8   0x080008f8   0x000000b8   Code   RO          172    i.ADC_RegularChannelConfig  stm32f4xx_adc.o
    0x080009b0   0x080009b0   0x0000000a   Code   RO          174    i.ADC_SoftwareStartConv  stm32f4xx_adc.o
    0x080009ba   0x080009ba   0x00000002   PAD
    0x080009bc   0x080009bc   0x00000058   Code   RO         5705    i.Battery_GetPercent  adc.o
    0x08000a14   0x08000a14   0x00000044   Code   RO         5706    i.Battery_GetVoltage  adc.o
    0x08000a58   0x08000a58   0x00000004   Code   RO         6491    i.BusFault_Handler  stm32f4xx_it.o
    0x08000a5c   0x08000a5c   0x00000002   Code   RO         6492    i.DebugMon_Handler  stm32f4xx_it.o
    0x08000a5e   0x08000a5e   0x00000018   Code   RO         5180    i.Delay_ms          delay.o
    0x08000a76   0x08000a76   0x0000002e   Code   RO         5182    i.Delay_us          delay.o
    0x08000aa4   0x08000aa4   0x00000090   Code   RO         1869    i.GPIO_Init         stm32f4xx_gpio.o
    0x08000b34   0x08000b34   0x00000046   Code   RO         1870    i.GPIO_PinAFConfig  stm32f4xx_gpio.o
    0x08000b7a   0x08000b7a   0x00000012   Code   RO         1873    i.GPIO_ReadInputDataBit  stm32f4xx_gpio.o
    0x08000b8c   0x08000b8c   0x00000004   Code   RO         1877    i.GPIO_SetBits      stm32f4xx_gpio.o
    0x08000b90   0x08000b90   0x0000000c   Code   RO         1881    i.GPIO_WriteBit     stm32f4xx_gpio.o
    0x08000b9c   0x08000b9c   0x00000004   Code   RO         6493    i.HardFault_Handler  stm32f4xx_it.o
    0x08000ba0   0x08000ba0   0x00000020   Code   RO         4972    i.IIC_R_SDA         my_iic.o
    0x08000bc0   0x08000bc0   0x0000001c   Code   RO         4973    i.IIC_W_SCL         my_iic.o
    0x08000bdc   0x08000bdc   0x0000001c   Code   RO         4974    i.IIC_W_SDA         my_iic.o
    0x08000bf8   0x08000bf8   0x000006f8   Code   RO         5359    i.IMU               imu.o
    0x080012f0   0x080012f0   0x00000010   Code   RO         2393    i.IWDG_Enable       stm32f4xx_iwdg.o
    0x08001300   0x08001300   0x00000010   Code   RO         2395    i.IWDG_ReloadCounter  stm32f4xx_iwdg.o
    0x08001310   0x08001310   0x0000000c   Code   RO         2396    i.IWDG_SetPrescaler  stm32f4xx_iwdg.o
    0x0800131c   0x0800131c   0x0000000c   Code   RO         2397    i.IWDG_SetReload    stm32f4xx_iwdg.o
    0x08001328   0x08001328   0x0000000c   Code   RO         2398    i.IWDG_WriteAccessCmd  stm32f4xx_iwdg.o
    0x08001334   0x08001334   0x00000016   Code   RO         5360    i.LPF               imu.o
    0x0800134a   0x0800134a   0x00000002   PAD
    0x0800134c   0x0800134c   0x000000e4   Code   RO         5216    i.MPU6050_Calibrate_Offset  mpu6050.o
    0x08001430   0x08001430   0x000000ac   Code   RO         5218    i.MPU6050_GetData   mpu6050.o
    0x080014dc   0x080014dc   0x00000038   Code   RO         5219    i.MPU6050_Init      mpu6050.o
    0x08001514   0x08001514   0x0000003e   Code   RO         5220    i.MPU6050_R         mpu6050.o
    0x08001552   0x08001552   0x0000002e   Code   RO         5223    i.MPU6050_W         mpu6050.o
    0x08001580   0x08001580   0x00000004   Code   RO         6494    i.MemManage_Handler  stm32f4xx_it.o
    0x08001584   0x08001584   0x00000064   Code   RO         4975    i.My_IIC_Init       my_iic.o
    0x080015e8   0x080015e8   0x00000028   Code   RO         4976    i.My_IIC_ReceiveACK  my_iic.o
    0x08001610   0x08001610   0x00000040   Code   RO         4977    i.My_IIC_ReceiveByte  my_iic.o
    0x08001650   0x08001650   0x00000034   Code   RO         4978    i.My_IIC_SendACK    my_iic.o
    0x08001684   0x08001684   0x00000044   Code   RO         4979    i.My_IIC_SendByte   my_iic.o
    0x080016c8   0x080016c8   0x0000003c   Code   RO         4980    i.My_IIC_Start      my_iic.o
    0x08001704   0x08001704   0x0000003c   Code   RO         4981    i.My_IIC_Stop       my_iic.o
    0x08001740   0x08001740   0x00000038   Code   RO         5409    i.My_spi_ReadWrite  my_spi.o
    0x08001778   0x08001778   0x000000dc   Code   RO         5410    i.My_spi_init       my_spi.o
    0x08001854   0x08001854   0x00000002   Code   RO         6495    i.NMI_Handler       stm32f4xx_it.o
    0x08001856   0x08001856   0x00000002   PAD
    0x08001858   0x08001858   0x000000d0   Code   RO         6396    i.NRF24L01_ADC_ReceiveByte  main.o
    0x08001928   0x08001928   0x0000010c   Code   RO         6397    i.NRF24L01_ADC_SendByte  main.o
    0x08001a34   0x08001a34   0x00000016   Code   RO         5445    i.NRF24L01_ClearRxFIFO  nrf24l01.o
    0x08001a4a   0x08001a4a   0x00000016   Code   RO         5446    i.NRF24L01_ClearTxFIFO  nrf24l01.o
    0x08001a60   0x08001a60   0x0000003c   Code   RO         5447    i.NRF24L01_GPIO_Init  nrf24l01.o
    0x08001a9c   0x08001a9c   0x00000064   Code   RO         5448    i.NRF24L01_Init_    nrf24l01.o
    0x08001b00   0x08001b00   0x00000022   Code   RO         5450    i.NRF24L01_ReadReg  nrf24l01.o
    0x08001b22   0x08001b22   0x0000002e   Code   RO         5452    i.NRF24L01_ReadRxFIFO  nrf24l01.o
    0x08001b50   0x08001b50   0x0000001a   Code   RO         5453    i.NRF24L01_ReadStatus  nrf24l01.o
    0x08001b6a   0x08001b6a   0x00000002   PAD
    0x08001b6c   0x08001b6c   0x00000074   Code   RO         5454    i.NRF24L01_Receive  nrf24l01.o
    0x08001be0   0x08001be0   0x0000002a   Code   RO         5455    i.NRF24L01_RxMode   nrf24l01.o
    0x08001c0a   0x08001c0a   0x00000002   PAD
    0x08001c0c   0x08001c0c   0x0000006c   Code   RO         5456    i.NRF24L01_Send     nrf24l01.o
    0x08001c78   0x08001c78   0x0000002e   Code   RO         5458    i.NRF24L01_TxMode   nrf24l01.o
    0x08001ca6   0x08001ca6   0x00000002   PAD
    0x08001ca8   0x08001ca8   0x00000018   Code   RO         5459    i.NRF24L01_W_CE     nrf24l01.o
    0x08001cc0   0x08001cc0   0x00000022   Code   RO         5460    i.NRF24L01_WriteRge  nrf24l01.o
    0x08001ce2   0x08001ce2   0x00000034   Code   RO         5461    i.NRF24L01_WriteRgeS  nrf24l01.o
    0x08001d16   0x08001d16   0x0000002c   Code   RO         5462    i.NRF24L01_WriteTxFIFO  nrf24l01.o
    0x08001d42   0x08001d42   0x00000002   PAD
    0x08001d44   0x08001d44   0x00000078   Code   RO            4    i.NVIC_Init         misc.o
    0x08001dbc   0x08001dbc   0x0000002a   Code   RO         5057    i.OLED_Clear        oled.o
    0x08001de6   0x08001de6   0x00000008   Code   RO         5058    i.OLED_I2C_Init     oled.o
    0x08001dee   0x08001dee   0x00000002   PAD
    0x08001df0   0x08001df0   0x00000024   Code   RO         5059    i.OLED_I2C_SendByte  oled.o
    0x08001e14   0x08001e14   0x00000008   Code   RO         5060    i.OLED_I2C_Start    oled.o
    0x08001e1c   0x08001e1c   0x00000008   Code   RO         5061    i.OLED_I2C_Stop     oled.o
    0x08001e24   0x08001e24   0x000000ae   Code   RO         5062    i.OLED_Init         oled.o
    0x08001ed2   0x08001ed2   0x00000022   Code   RO         5064    i.OLED_SetCursor    oled.o
    0x08001ef4   0x08001ef4   0x00000020   Code   RO         5071    i.OLED_WriteCommand  oled.o
    0x08001f14   0x08001f14   0x00000020   Code   RO         5072    i.OLED_WriteData    oled.o
    0x08001f34   0x08001f34   0x00000120   Code   RO         5635    i.PID_Postion_Cal   pid.o
    0x08002054   0x08002054   0x00000248   Code   RO         5636    i.PID_structuer_Init  pid.o
    0x0800229c   0x0800229c   0x00000002   Code   RO         6496    i.PendSV_Handler    stm32f4xx_it.o
    0x0800229e   0x0800229e   0x00000002   PAD
    0x080022a0   0x080022a0   0x00000020   Code   RO         2822    i.RCC_AHB1PeriphClockCmd  stm32f4xx_rcc.o
    0x080022c0   0x080022c0   0x00000020   Code   RO         2828    i.RCC_APB1PeriphClockCmd  stm32f4xx_rcc.o
    0x080022e0   0x080022e0   0x00000020   Code   RO         2830    i.RCC_APB1PeriphResetCmd  stm32f4xx_rcc.o
    0x08002300   0x08002300   0x00000020   Code   RO         2831    i.RCC_APB2PeriphClockCmd  stm32f4xx_rcc.o
    0x08002320   0x08002320   0x00000020   Code   RO         2833    i.RCC_APB2PeriphResetCmd  stm32f4xx_rcc.o
    0x08002340   0x08002340   0x000000e8   Code   RO         2840    i.RCC_GetClocksFreq  stm32f4xx_rcc.o
    0x08002428   0x08002428   0x00000018   Code   RO         3911    i.SPI_Cmd           stm32f4xx_spi.o
    0x08002440   0x08002440   0x000000b0   Code   RO         3918    i.SPI_I2S_DeInit    stm32f4xx_spi.o
    0x080024f0   0x080024f0   0x00000012   Code   RO         3919    i.SPI_I2S_GetFlagStatus  stm32f4xx_spi.o
    0x08002502   0x08002502   0x00000006   Code   RO         3922    i.SPI_I2S_ReceiveData  stm32f4xx_spi.o
    0x08002508   0x08002508   0x00000004   Code   RO         3923    i.SPI_I2S_SendData  stm32f4xx_spi.o
    0x0800250c   0x0800250c   0x0000003c   Code   RO         3924    i.SPI_Init          stm32f4xx_spi.o
    0x08002548   0x08002548   0x00000134   Code   RO         6398    i.START_init        main.o
    0x0800267c   0x0800267c   0x00000002   Code   RO         6497    i.SVC_Handler       stm32f4xx_it.o
    0x0800267e   0x0800267e   0x00000002   PAD
    0x08002680   0x08002680   0x0000009c   Code   RO         5815    i.SetSysClock       system_stm32f4xx.o
    0x0800271c   0x0800271c   0x00000002   Code   RO         6498    i.SysTick_Handler   stm32f4xx_it.o
    0x0800271e   0x0800271e   0x00000002   PAD
    0x08002720   0x08002720   0x00000068   Code   RO         5817    i.SystemInit        system_stm32f4xx.o
    0x08002788   0x08002788   0x00000100   Code   RO         5745    i.TIM3_PWM_Init     motor.o
    0x08002888   0x08002888   0x00000024   Code   RO         5747    i.TIM4_IRQHandler   motor.o
    0x080028ac   0x080028ac   0x0000005c   Code   RO         5748    i.TIM4_Int_Init     motor.o
    0x08002908   0x08002908   0x00000018   Code   RO         4143    i.TIM_ARRPreloadConfig  stm32f4xx_tim.o
    0x08002920   0x08002920   0x00000034   Code   RO         5749    i.TIM_CCR           motor.o
    0x08002954   0x08002954   0x00000006   Code   RO         4150    i.TIM_ClearITPendingBit  stm32f4xx_tim.o
    0x0800295a   0x0800295a   0x00000018   Code   RO         4155    i.TIM_Cmd           stm32f4xx_tim.o
    0x08002972   0x08002972   0x00000022   Code   RO         4176    i.TIM_GetITStatus   stm32f4xx_tim.o
    0x08002994   0x08002994   0x00000012   Code   RO         4180    i.TIM_ITConfig      stm32f4xx_tim.o
    0x080029a6   0x080029a6   0x00000002   PAD
    0x080029a8   0x080029a8   0x0000007c   Code   RO         4184    i.TIM_OC1Init       stm32f4xx_tim.o
    0x08002a24   0x08002a24   0x00000012   Code   RO         4187    i.TIM_OC1PreloadConfig  stm32f4xx_tim.o
    0x08002a36   0x08002a36   0x00000002   PAD
    0x08002a38   0x08002a38   0x000000a4   Code   RO         4189    i.TIM_OC2Init       stm32f4xx_tim.o
    0x08002adc   0x08002adc   0x0000001a   Code   RO         4192    i.TIM_OC2PreloadConfig  stm32f4xx_tim.o
    0x08002af6   0x08002af6   0x00000002   PAD
    0x08002af8   0x08002af8   0x000000a0   Code   RO         4194    i.TIM_OC3Init       stm32f4xx_tim.o
    0x08002b98   0x08002b98   0x00000012   Code   RO         4197    i.TIM_OC3PreloadConfig  stm32f4xx_tim.o
    0x08002baa   0x08002baa   0x00000002   PAD
    0x08002bac   0x08002bac   0x00000078   Code   RO         4199    i.TIM_OC4Init       stm32f4xx_tim.o
    0x08002c24   0x08002c24   0x0000001a   Code   RO         4201    i.TIM_OC4PreloadConfig  stm32f4xx_tim.o
    0x08002c3e   0x08002c3e   0x00000004   Code   RO         4217    i.TIM_SetCompare1   stm32f4xx_tim.o
    0x08002c42   0x08002c42   0x00000004   Code   RO         4218    i.TIM_SetCompare2   stm32f4xx_tim.o
    0x08002c46   0x08002c46   0x00000004   Code   RO         4219    i.TIM_SetCompare3   stm32f4xx_tim.o
    0x08002c4a   0x08002c4a   0x00000004   Code   RO         4220    i.TIM_SetCompare4   stm32f4xx_tim.o
    0x08002c4e   0x08002c4e   0x00000002   PAD
    0x08002c50   0x08002c50   0x00000084   Code   RO         4227    i.TIM_TimeBaseInit  stm32f4xx_tim.o
    0x08002cd4   0x08002cd4   0x00000088   Code   RO         5581    i.USART1_Init       my_usart1.o
    0x08002d5c   0x08002d5c   0x00000018   Code   RO         4712    i.USART_Cmd         stm32f4xx_usart.o
    0x08002d74   0x08002d74   0x000000d4   Code   RO         4719    i.USART_Init        stm32f4xx_usart.o
    0x08002e48   0x08002e48   0x00000004   Code   RO         6499    i.UsageFault_Handler  stm32f4xx_it.o
    0x08002e4c   0x08002e4c   0x00000030   Code   RO         6644    i.__ARM_fpclassify  m_wm.l(fpclassify.o)
    0x08002e7c   0x08002e7c   0x00000004   PAD
    0x08002e80   0x08002e80   0x00000360   Code   RO         6567    i.__hardfp_asin     m_wm.l(asin.o)
    0x080031e0   0x080031e0   0x000002d8   Code   RO         6610    i.__hardfp_atan     m_wm.l(atan.o)
    0x080034b8   0x080034b8   0x000001f0   Code   RO         6581    i.__hardfp_atan2    m_wm.l(atan2.o)
    0x080036a8   0x080036a8   0x000000f8   Code   RO         6646    i.__kernel_poly     m_wm.l(poly.o)
    0x080037a0   0x080037a0   0x00000014   Code   RO         6625    i.__mathlib_dbl_infnan  m_wm.l(dunder.o)
    0x080037b4   0x080037b4   0x00000014   Code   RO         6626    i.__mathlib_dbl_infnan2  m_wm.l(dunder.o)
    0x080037c8   0x080037c8   0x00000020   Code   RO         6627    i.__mathlib_dbl_invalid  m_wm.l(dunder.o)
    0x080037e8   0x080037e8   0x00000020   Code   RO         6630    i.__mathlib_dbl_underflow  m_wm.l(dunder.o)
    0x08003808   0x08003808   0x0000000e   Code   RO         6707    i.__scatterload_copy  mc_w.l(handlers.o)
    0x08003816   0x08003816   0x00000002   Code   RO         6708    i.__scatterload_null  mc_w.l(handlers.o)
    0x08003818   0x08003818   0x0000000e   Code   RO         6709    i.__scatterload_zeroinit  mc_w.l(handlers.o)
    0x08003826   0x08003826   0x00000002   PAD
    0x08003828   0x08003828   0x0000000c   Code   RO         6679    i.__set_errno       mc_w.l(errno.o)
    0x08003834   0x08003834   0x00000010   Code   RO         6612    i.atan              m_wm.l(atan.o)
    0x08003844   0x08003844   0x00000012   Code   RO         5751    i.ccr_xf            motor.o
    0x08003856   0x08003856   0x00000002   PAD
    0x08003858   0x08003858   0x0000030c   Code   RO         5637    i.control_pid       pid.o
    0x08003b64   0x08003b64   0x00000018   Code   RO         6640    i.fabs              m_wm.l(fabs.o)
    0x08003b7c   0x08003b7c   0x0000003c   Code   RO         5361    i.invSqrt           imu.o
    0x08003bb8   0x08003bb8   0x00000118   Code   RO         6400    i.main              main.o
    0x08003cd0   0x08003cd0   0x00000054   Code   RO         6401    i.pid_receive       main.o
    0x08003d24   0x08003d24   0x00000018   Code   RO         5411    i.spi_csn           my_spi.o
    0x08003d3c   0x08003d3c   0x0000006e   Code   RO         6651    i.sqrt              m_wm.l(sqrt.o)
    0x08003daa   0x08003daa   0x00000006   PAD
    0x08003db0   0x08003db0   0x00000050   Data   RO         6570    .constdata          m_wm.l(asin.o)
    0x08003e00   0x08003e00   0x00000098   Data   RO         6613    .constdata          m_wm.l(atan.o)
    0x08003e98   0x08003e98   0x00000008   Data   RO         6648    .constdata          m_wm.l(qnan.o)
    0x08003ea0   0x08003ea0   0x00000020   Data   RO         6705    Region$$Table       anon$$obj.o


    Execution Region RW_IRAM1 (Exec base: 0x20000000, Load base: 0x08003ec0, Size: 0x00000808, Max: 0x00020000, ABSOLUTE)

    Exec Addr    Load Addr    Size         Type   Attr      Idx    E Section Name        Object

    0x20000000   0x08003ec0   0x00000010   Data   RW         2870    .data               stm32f4xx_rcc.o
    0x20000010   0x08003ed0   0x00000048   Data   RW         5226    .data               mpu6050.o
    0x20000058   0x08003f18   0x00000040   Data   RW         5362    .data               imu.o
    0x20000098   0x08003f58   0x00000010   Data   RW         5464    .data               nrf24l01.o
    0x200000a8   0x08003f68   0x00000010   Data   RW         5639    .data               pid.o
    0x200000b8   0x08003f78   0x00000001   Data   RW         5752    .data               motor.o
    0x200000b9   0x08003f79   0x00000003   PAD
    0x200000bc   0x08003f7c   0x00000058   Data   RW         6403    .data               main.o
    0x20000114   0x08003fd4   0x00000004   Data   RW         6680    .data               mc_w.l(errno.o)
    0x20000118        -       0x00000040   Zero   RW         5463    .bss                nrf24l01.o
    0x20000158        -       0x00000080   Zero   RW         5586    .bss                my_usart1.o
    0x200001d8        -       0x000001c0   Zero   RW         5638    .bss                pid.o
    0x20000398        -       0x00000070   Zero   RW         6402    .bss                main.o
    0x20000408        -       0x00000400   Zero   RW         5805    STACK               startup_stm32f411xe.o


==============================================================================

Image component sizes


      Code (inc. data)   RO Data    RW Data    ZI Data      Debug   Object Name

       332         40          0          0          0       2346   adc.o
        70          0          0          0          0       1002   delay.o
      1866        160          0         64          0       4668   imu.o
         0          0          0          0          0        542   inv_mpu.o
      1148        174          0         88        112       6162   main.o
       120         14          0          0          0     282908   misc.o
       454         32          0          1          0       3556   motor.o
       564         24          0         72          0       5245   mpu6050.o
       532         50          0          0          0       5303   my_iic.o
       300         20          0          0          0       1743   my_spi.o
       136         10          0          0        128       1184   my_usart1.o
       776         30          0         16         64       9475   nrf24l01.o
       374          4          0          0          0       4744   oled.o
      1652        226          0         16        448       5696   pid.o
        36          8        408          0       1024        824   startup_stm32f411xe.o
       374         24          0          0          0      20890   stm32f4xx_adc.o
         0          0          0          0          0      15184   stm32f4xx_dfsdm.o
       248          0          0          0          0       9582   stm32f4xx_gpio.o
        26          0          0          0          0       4098   stm32f4xx_it.o
        68         30          0          0          0       2490   stm32f4xx_iwdg.o
       392         48          0         16          0       5729   stm32f4xx_rcc.o
       288         24          0          0          0      12179   stm32f4xx_spi.o
       910         66          0          0          0      31245   stm32f4xx_tim.o
       236          8          0          0          0       7981   stm32f4xx_usart.o
       260         34          0          0          0       1001   system_stm32f4xx.o

    ----------------------------------------------------------------------
     11200       1026        440        276       1776     445777   Object Totals
         0          0         32          0          0          0   (incl. Generated)
        38          0          0          3          0          0   (incl. Padding)

    ----------------------------------------------------------------------

      Code (inc. data)   RO Data    RW Data    ZI Data      Debug   Library Member Name

       864         94         80          0          0        280   asin.o
       744        106        152          0          0        352   atan.o
       496         64          0          0          0        192   atan2.o
       104         16          0          0          0        496   dunder.o
        24          0          0          0          0        124   fabs.o
        48          0          0          0          0        124   fpclassify.o
       248          0          0          0          0        152   poly.o
         0          0          8          0          0          0   qnan.o
       110          0          0          0          0        148   sqrt.o
         0          0          0          0          0          0   entry.o
         0          0          0          0          0          0   entry10a.o
         0          0          0          0          0          0   entry11a.o
         8          4          0          0          0          0   entry2.o
         4          0          0          0          0          0   entry5.o
         0          0          0          0          0          0   entry7b.o
         0          0          0          0          0          0   entry8b.o
         8          4          0          0          0          0   entry9a.o
        12          6          0          4          0         68   errno.o
        30          0          0          0          0          0   handlers.o
        36          8          0          0          0         68   init.o
         0          0          0          0          0          0   iusefp.o
        30          0          0          0          0         68   llshl.o
        36          0          0          0          0         68   llsshr.o
        32          0          0          0          0         68   llushr.o
        56          0          0          0          0         88   d2f.o
       334          0          0          0          0        148   dadd.o
       222          0          0          0          0        100   ddiv.o
       186          0          0          0          0        176   depilogue.o
       228          0          0          0          0         96   dmul.o
       162          0          0          0          0        100   dsqrt.o
        38          0          0          0          0         68   f2d.o
       110          0          0          0          0        168   fepilogue.o

    ----------------------------------------------------------------------
      4184        302        240          4          0       3152   Library Totals
        14          0          0          0          0          0   (incl. Padding)

    ----------------------------------------------------------------------

      Code (inc. data)   RO Data    RW Data    ZI Data      Debug   Library Name

      2638        280        240          0          0       1868   m_wm.l
       196         22          0          4          0        340   mc_w.l
      1336          0          0          0          0        944   mf_w.l

    ----------------------------------------------------------------------
      4184        302        240          4          0       3152   Library Totals

    ----------------------------------------------------------------------

==============================================================================


      Code (inc. data)   RO Data    RW Data    ZI Data      Debug   

     15384       1328        680        280       1776     435713   Grand Totals
     15384       1328        680        280       1776     435713   ELF Image Totals
     15384       1328        680        280          0          0   ROM Totals

==============================================================================

    Total RO  Size (Code + RO Data)                16064 (  15.69kB)
    Total RW  Size (RW Data + ZI Data)              2056 (   2.01kB)
    Total ROM Size (Code + RO Data + RW Data)      16344 (  15.96kB)

==============================================================================

